[2026-06-18 10:57:45] [IGNORADO] Concurso ID: 12 | Nome: 'Agência Reguladora de Energia e Saneamento Básico do Estado do Rio de Janeiro - AGENERSA - Nível Superior - Analista Técnico - Tipo 1'
👉 Motivo: A URL já está cadastrada no banco de dados.
🔗 URL: https://conhecimento.fgv.br/sites/default/files/concursos/cns001-analista-tecnicocns001-tipo-1.pdf
--------------------------------------------------------------------------------
[2026-06-18 10:57:52] [IGNORADO] Concurso ID: 14 | Nome: 'Secretaria de Estado da Administração - SEAD-AP - Peritos - Nível Médio'
👉 Motivo: A URL já está cadastrada no banco de dados.
🔗 URL: https://conhecimento.fgv.br/sites/default/files/concursos/tecnico_pericial_biomedicocnst001_tipo_1.pdf
--------------------------------------------------------------------------------
[2026-06-18 10:57:57] [IGNORADO] Concurso ID: 15 | Nome: 'Polícia Militar do Estado de São Paulo - Oficiais do Quadro de Saúde - Exames de Conhecimentos - 2º Tenente Dentista PM Estagiário - Tipo 1'
👉 Motivo: A URL já está cadastrada no banco de dados.
🔗 URL: https://conhecimento.fgv.br/sites/default/files/concursos/2o_tenente_dentista_pm_estagiariocns201_tipo_1.pdf
--------------------------------------------------------------------------------
[2026-06-18 10:58:05] [IGNORADO] Concurso ID: 17 | Nome: 'Tribunal Regional do Trabalho - 16ª Região - Prova Objetiva'
👉 Motivo: A URL já está cadastrada no banco de dados.
🔗 URL: https://conhecimento.fgv.br/sites/default/files/concursos/analista_judiciario_area_administrativa_-_biblioteconomiacnsm005_tipo_1.pdf
--------------------------------------------------------------------------------
[2026-06-18 10:58:10] [IGNORADO] Concurso ID: 19 | Nome: 'Corpo de Bombeiros Militar do Estado do Rio de Janeiro - Prova Objetiva - CADETE BM do 1º ano do Curso de Formação de Oficiais - Tipo 1'
👉 Motivo: A URL já está cadastrada no banco de dados.
🔗 URL: https://conhecimento.fgv.br/sites/default/files/concursos/cadete_bm_do_1o_ano_do_curso_de_formacao_de_oficiaiscnm001_tipo_1_8461654891.pdf
--------------------------------------------------------------------------------
[2026-06-18 10:58:12] [IGNORADO] Concurso ID: 20 | Nome: 'Secretaria de Estado da Administração - SEAD-AP - Nível Superior - Pedagogo - Tipo 1'
👉 Motivo: A URL já está cadastrada no banco de dados.
🔗 URL: https://conhecimento.fgv.br/sites/default/files/concursos/pedagogo-cns020-tipo-1.pdf
--------------------------------------------------------------------------------
[2026-06-18 10:58:13] [IGNORADO] Concurso ID: 20 | Nome: 'Secretaria de Estado da Administração - SEAD-AP - Nível Superior - Pedagogo - Tipo 1'
👉 Motivo: A URL já está cadastrada no banco de dados.
🔗 URL: https://conhecimento.fgv.br/sites/default/files/concursos/pedagogo_cns020_tipo_1.pdf
--------------------------------------------------------------------------------
[2026-06-18 10:58:17] [IGNORADO] Concurso ID: 21 | Nome: 'Tribunal de Contas do Estado do Tocantins - Nível Superior - Auditor de Controle Externo - Ciências Contábeis - Tipo 1'
👉 Motivo: A URL já está cadastrada no banco de dados.
🔗 URL: https://conhecimento.fgv.br/sites/default/files/concursos/auditor_de_controle_externo_-_ciencias_contabeisaudciecon_tipo_1.pdf
--------------------------------------------------------------------------------
[2026-06-18 10:58:21] [IGNORADO] Concurso ID: 22 | Nome: 'Procuradoria-Geral do Estado de Santa Catarina - Nível Superior - Procurador do Estado - Tipo 1'
👉 Motivo: A URL já está cadastrada no banco de dados.
🔗 URL: https://conhecimento.fgv.br/sites/default/files/concursos/procurador_do_estadopge-proc_tipo_1.pdf
--------------------------------------------------------------------------------
[2026-06-18 10:58:31] [IGNORADO] Concurso ID: 26 | Nome: 'Tribunal de Justiça do Estado de Pernambuco - Nível Superior - Juiz Substituto - 1º Dia'
👉 Motivo: A URL já está cadastrada no banco de dados.
🔗 URL: https://conhecimento.fgv.br/sites/default/files/concursos/juiz-substitutoj-subs-tipo-1.pdf
--------------------------------------------------------------------------------
[2026-06-18 10:58:32] [IGNORADO] Concurso ID: 26 | Nome: 'Tribunal de Justiça do Estado de Pernambuco - Nível Superior - Juiz Substituto - Tipo 1'
👉 Motivo: A URL já está cadastrada no banco de dados.
🔗 URL: https://conhecimento.fgv.br/sites/default/files/concursos/juiz_substitutoj-subs_tipo_1.pdf
--------------------------------------------------------------------------------
[2026-06-18 10:58:34] [IGNORADO] Concurso ID: 27 | Nome: 'Advocacia-Geral do Estado de Minas Gerais - AGE-MG - Prova Objetiva - Procurador do Estado - Tipo 1'
👉 Motivo: A URL já está cadastrada no banco de dados.
🔗 URL: https://conhecimento.fgv.br/sites/default/files/concursos/procurador_do_estado_nivel_i_grau_a_cns001_tipo_1.pdf
--------------------------------------------------------------------------------
[2026-06-18 10:58:36] [IGNORADO] Concurso ID: 28 | Nome: 'Polícia Militar do Estado de São Paulo - Exames de Conhecimentos - Soldado PM de 2ª Classe - Tipo 1'
👉 Motivo: A URL já está cadastrada no banco de dados.
🔗 URL: https://conhecimento.fgv.br/sites/default/files/concursos/soldado_pm_de_2a_classe_do_quadro_de_pracas_de_policia_militar_qppmcnm001_tipo_1.pdf
--------------------------------------------------------------------------------
[2026-06-18 10:58:38] [IGNORADO] Concurso ID: 29 | Nome: 'Tribunal de Justiça do Estado de Santa Catarina - Juiz Substituto - Nível Superior'
👉 Motivo: A URL já está cadastrada no banco de dados.
🔗 URL: https://conhecimento.fgv.br/sites/default/files/concursos/juiz_substituto_discursiva_tipo_1.pdf
--------------------------------------------------------------------------------
[2026-06-18 10:58:38] [IGNORADO] Concurso ID: 29 | Nome: 'Tribunal de Justiça do Estado de Santa Catarina - Juiz Substituto - Nível Superior - Juiz Substituto - Tipo 1'
👉 Motivo: A URL já está cadastrada no banco de dados.
🔗 URL: https://conhecimento.fgv.br/sites/default/files/concursos/juiz_substituto_juz-sub_tipo_1.pdf
--------------------------------------------------------------------------------
[2026-06-18 10:58:40] [IGNORADO] Concurso ID: 30 | Nome: 'Prefeitura Municipal de Santo André - Nível Médio - Agente de Políticas Públicas e Gestão Governamental (APPGG) - Tipo 1'
👉 Motivo: A URL já está cadastrada no banco de dados.
🔗 URL: https://conhecimento.fgv.br/sites/default/files/concursos/agente_de_politicas_publicas_e_gestao_governamental_appggcns001_tipo_1.pdf
--------------------------------------------------------------------------------
[2026-06-18 10:58:42] [IGNORADO] Concurso ID: 31 | Nome: 'Ministério Público do Estado de Santa Catarina - Nível Médio - Auxiliar do Ministério Público - Tipo 1'
👉 Motivo: A URL já está cadastrada no banco de dados.
🔗 URL: https://conhecimento.fgv.br/sites/default/files/concursos/mp_sc_2022_auxiliar_do_ministerio_publico_tipo_1.pdf
--------------------------------------------------------------------------------
[2026-06-18 10:58:45] [IGNORADO] Concurso ID: 32 | Nome: 'Tribunal de Justiça do Estado de Mato Grosso do Sul - Nível Superior - Analista Judiciário – Área Fim - Tipo 1'
👉 Motivo: A URL já está cadastrada no banco de dados.
🔗 URL: https://conhecimento.fgv.br/sites/default/files/concursos/tj_ms_2022_-_analista_judiciario_-_area_fimanajud_tipo_1.pdf
--------------------------------------------------------------------------------
[2026-06-18 10:58:47] [IGNORADO] Concurso ID: 33 | Nome: 'Tribunal de Justiça do Estado do Tocantins - Nível Superior - Contador/Distribuidor - Ciências Contábeis ou Econômicas - Tipo 1'
👉 Motivo: A URL já está cadastrada no banco de dados.
🔗 URL: https://conhecimento.fgv.br/sites/default/files/concursos/tj_to_2022_-_contador-distribuidor_tipo_1_4654131.pdf
--------------------------------------------------------------------------------
[2026-06-18 10:58:50] [IGNORADO] Concurso ID: 34 | Nome: 'Secretaria da Fazenda do Estado da Bahia - SEFAZ - Nível Superior - Administração e Finanças - Tipo 1'
👉 Motivo: A URL já está cadastrada no banco de dados.
🔗 URL: https://conhecimento.fgv.br/sites/default/files/concursos/agente_de_tributos_estaduais_administracao_e_financascns001_tipo_1.pdf
--------------------------------------------------------------------------------
[2026-06-18 10:58:57] [IGNORADO] Concurso ID: 36 | Nome: 'Ministério Público do Estado de Goiás - Servidores - Nível Superior'
👉 Motivo: A URL já está cadastrada no banco de dados.
🔗 URL: https://conhecimento.fgv.br/sites/default/files/concursos/analista_contabil_mpgo-ns001_tipo_1.pdf
--------------------------------------------------------------------------------
[2026-06-18 10:59:01] [IGNORADO] Concurso ID: 37 | Nome: 'Empresa de Pesquisa Energética - EPE - Nível Superior'
👉 Motivo: A URL já está cadastrada no banco de dados.
🔗 URL: https://conhecimento.fgv.br/sites/default/files/concursos/analista_de_pesquisa_energetica_economia_de_energians110_tipo_1.pdf
--------------------------------------------------------------------------------
[2026-06-18 10:59:03] [IGNORADO] Concurso ID: 38 | Nome: 'Tribunal de Justiça do Distrito Federal e dos Territórios (TJDFT) - Nível Superior - Analista Judiciário - Administração - Tipo 1'
👉 Motivo: A URL já está cadastrada no banco de dados.
🔗 URL: https://conhecimento.fgv.br/sites/default/files/concursos/analista_judiciario_-_administracaons-adm_tipo_1.pdf
--------------------------------------------------------------------------------
[2026-06-18 10:59:09] [IGNORADO] Concurso ID: 40 | Nome: 'Polícia Militar do Amazonas - Nível Superior'
👉 Motivo: A URL já está cadastrada no banco de dados.
🔗 URL: https://conhecimento.fgv.br/sites/default/files/concursos/oficial_da_pm_-_enfermeiro_discursivansd401_tipo_1.pdf
--------------------------------------------------------------------------------
[2026-06-18 10:59:11] [IGNORADO] Concurso ID: 40 | Nome: 'Polícia Militar do Amazonas - Nível Superior - Aluno Oficial De Saúde PM - Oficiais Enfermeiros - Enfermagem - Tipo 1'
👉 Motivo: A URL já está cadastrada no banco de dados.
🔗 URL: https://conhecimento.fgv.br/sites/default/files/concursos/oficial_da_pm_-_enfermeirons401_tipo_1.pdf
--------------------------------------------------------------------------------
[2026-06-18 10:59:16] [IGNORADO] Concurso ID: 41 | Nome: 'Corpo de Bombeiros Militar do Estado do Amazonas - Nível Superior - 2º Tenente Bombeiro Militar - Tipo 1'
👉 Motivo: A URL já está cadastrada no banco de dados.
🔗 URL: https://conhecimento.fgv.br/sites/default/files/concursos/2o_tenente_bombeiro_militarns001_tipo_1.pdf
--------------------------------------------------------------------------------
[2026-06-18 10:59:18] [IGNORADO] Concurso ID: 42 | Nome: 'Secretaria de Segurança Pública do Amazonas - Nível Superior - Técnico de Nível Superior - Tipo 1'
👉 Motivo: A URL já está cadastrada no banco de dados.
🔗 URL: https://conhecimento.fgv.br/sites/default/files/concursos/tecnico_de_nivel_superiorns001_tipo_1.pdf
--------------------------------------------------------------------------------
[2026-06-18 10:59:22] [IGNORADO] Concurso ID: 44 | Nome: 'Controladoria Geral da União - Nível Superior - Auditor Federal de Finanças e Controle - Manhã - Tipo 1'
👉 Motivo: A URL já está cadastrada no banco de dados.
🔗 URL: https://conhecimento.fgv.br/sites/default/files/concursos/cgu_2021_auditor_federal_de_financas_e_controleaffc_tipo_1_manha.pdf
--------------------------------------------------------------------------------
[2026-06-18 10:59:29] [IGNORADO] Concurso ID: 46 | Nome: 'Ministério Público do Estado de Goiás - Prova Preambular - Promotor de Justiça Substituto - Tipo 1'
👉 Motivo: A URL já está cadastrada no banco de dados.
🔗 URL: https://conhecimento.fgv.br/sites/default/files/concursos/promotor_de_justica_substitutopjs_tipo_1.pdf
--------------------------------------------------------------------------------
[2026-06-18 10:59:33] [IGNORADO] Concurso ID: 48 | Nome: 'Secretaria de Estado da Fazenda do Espírito Santo - SEFAZ-ES - Consultor do Tesouro Estadual - Nível Superior - Consultor do Tesouro Estadual - Ciências EconômicaseCiências Contáveis - Manhã - Tipo 1'
👉 Motivo: A URL já está cadastrada no banco de dados.
🔗 URL: https://conhecimento.fgv.br/sites/default/files/concursos/consultor_do_tesouro_estadual_-_ciencias_economicas_e_ciencias_contabeis_manhans001_tipo_1.pdf
--------------------------------------------------------------------------------
[2026-06-18 10:59:35] [IGNORADO] Concurso ID: 49 | Nome: 'Tribunal de Justiça do Estado do Amapá - Cadernos de provas - Juiz de Direito Substituto - Prova Escrita Discursiva'
👉 Motivo: A URL já está cadastrada no banco de dados.
🔗 URL: https://conhecimento.fgv.br/sites/default/files/concursos/tj-ap-juiz-de-direito-substitutojuizsubst-discursiva.pdf
--------------------------------------------------------------------------------
[2026-06-18 10:59:36] [IGNORADO] Concurso ID: 49 | Nome: 'Tribunal de Justiça do Estado do Amapá - Prova Objetiva Seletiva - Juiz de Direito Substituto - Tipo 1'
👉 Motivo: A URL já está cadastrada no banco de dados.
🔗 URL: https://conhecimento.fgv.br/sites/default/files/concursos/juiz_de_direito_substitutojuizsubst_tipo_1_-_revisada.pdf
--------------------------------------------------------------------------------
[2026-06-18 10:59:38] [IGNORADO] Concurso ID: 50 | Nome: 'Banco do Estado do Espírito Santo - BANESTES - Analista em Tecnologia da Informação'
👉 Motivo: A URL já está cadastrada no banco de dados.
🔗 URL: https://conhecimento.fgv.br/sites/default/files/concursos/analista_em_tecnologia_da_informacao_-_desenvolvimento_de_sistemasan-sist_tipo_1.pdf
--------------------------------------------------------------------------------
[2026-06-18 10:59:47] [IGNORADO] Concurso ID: 54 | Nome: 'Tribunal de Justiça do Estado de Rondônia - Nível Superior - Analista Judiciário - Administrador - Tipo 1'
👉 Motivo: A URL já está cadastrada no banco de dados.
🔗 URL: http://netstorage.fgv.br/tjro21/Analista_Judiciario_-_Administrador(AJ-ADM)_Tipo_1.pdf
--------------------------------------------------------------------------------
[2026-06-18 10:59:51] [IGNORADO] Concurso ID: 55 | Nome: 'Polícia Militar do Estado do Ceará - Nível Médio - Soldado Policial Militar - Tipo 1'
👉 Motivo: A URL já está cadastrada no banco de dados.
🔗 URL: https://conhecimento.fgv.br/sites/default/files/concursos/pmce2021_soldado_da_pm-ce_pmce01_tipo_1.pdf
--------------------------------------------------------------------------------
[2026-06-18 10:59:53] [IGNORADO] Concurso ID: 56 | Nome: 'Polícia Militar do Estado da Paraíba - Nível Superior - CFO PM 2022 - Tipo 1'
👉 Motivo: A URL já está cadastrada no banco de dados.
🔗 URL: https://conhecimento.fgv.br/sites/default/files/concursos/curso-de-formacao-de-oficiais-combatentes-da-pmpbcfopb-22-tipo-1.pdf
--------------------------------------------------------------------------------
[2026-06-18 10:59:56] [IGNORADO] Concurso ID: 58 | Nome: 'Polícia Militar do Estado do Rio de Janeiro - Nível Superior - Oficial da PM (QOPM) - Tipo 1'
👉 Motivo: A URL já está cadastrada no banco de dados.
🔗 URL: https://conhecimento.fgv.br/sites/default/files/concursos/pmerj2021-curso-de-formacao-de-oficiais-da-pmerj-pmcfo01-tipo-1.pdf
--------------------------------------------------------------------------------
[2026-06-18 11:00:01] [IGNORADO] Concurso ID: 60 | Nome: 'Tribunal de Justiça do Estado do Paraná - Nível Superior - Juiz Substituto - Tipo 1'
👉 Motivo: A URL já está cadastrada no banco de dados.
🔗 URL: http://netstorage.fgv.br/tjpr21/JUIZ_SUBSTITUTO(JS-JUIZ)_Tipo_1.pdf
--------------------------------------------------------------------------------
[2026-06-18 11:00:05] [IGNORADO] Concurso ID: 62 | Nome: 'Secretaria de Estado da Fazenda do Espírito Santo - SEFAZ-ES - Nível Superior - Auditor Fiscal da Receita Estadual - Manhã - Tipo 1'
👉 Motivo: A URL já está cadastrada no banco de dados.
🔗 URL: https://conhecimento.fgv.br/sites/default/files/concursos/sefaz-es-auditor-fiscal-da-receita-estadual-p1-af01-tipo-1.pdf
--------------------------------------------------------------------------------
[2026-06-18 11:00:08] [IGNORADO] Concurso ID: 63 | Nome: 'Defensoria Pública do Estado do Rio de Janeiro - Nível Superior - Classe Inicial da Carreira da Defensoria Pública do Estado do Rio de Janeiro - Tipo 1'
👉 Motivo: A URL já está cadastrada no banco de dados.
🔗 URL: https://conhecimento.fgv.br/sites/default/files/concursos/defensoria_2021_classe_inicial_da_carreira_da_defensoria_publica_do_estado_do_rio_de_janeiro_ci-defens_tipo_1.pdf
--------------------------------------------------------------------------------
[2026-06-18 11:00:10] [IGNORADO] Concurso ID: 64 | Nome: 'Indústria de Material Bélico do Brasil - IMBEL'
👉 Motivo: A URL já está cadastrada no banco de dados.
🔗 URL: http://netstorage.fgv.br/imbel21/IMBEL2021-Ita_NF01_Cargos_de_Nivel_Fundamental_(NF01)_Tipo_1.pdf
--------------------------------------------------------------------------------
[2026-06-18 11:00:12] [IGNORADO] Concurso ID: 64 | Nome: 'Indústria de Material Bélico do Brasil - IMBEL - Nível Fundamental - Empregos de Nível Fundamental - Tipo 1'
👉 Motivo: A URL já está cadastrada no banco de dados.
🔗 URL: http://netstorage.fgv.br/imbel21/IMBEL2021_NF01_Cargos_de_Nivel_Fundamental_(NF01)_Tipo_1.pdf
--------------------------------------------------------------------------------
[2026-06-18 11:00:18] [IGNORADO] Concurso ID: 65 | Nome: 'Polícia Civil do Estado do Rio Grande do Norte - Nível Superior - Delegado de Polícia Civil Substituto - Prova Escrita Objetiva - Tipo 1'
👉 Motivo: A URL já está cadastrada no banco de dados.
🔗 URL: https://conhecimento.fgv.br/sites/default/files/concursos/pcrn-delegado-de-policia-civil-substituto-deleg-01-tipo-1.pdf
--------------------------------------------------------------------------------
[2026-06-18 11:00:19] [IGNORADO] Concurso ID: 65 | Nome: 'Polícia Civil do Estado do Rio Grande do Norte - Nível Superior - Agente e Escrivão de Polícia Civil Substituto - Tipo 1'
👉 Motivo: A URL já está cadastrada no banco de dados.
🔗 URL: https://conhecimento.fgv.br/sites/default/files/concursos/anexo-sem-titulo-00312-1.pdf
--------------------------------------------------------------------------------
[2026-06-18 11:00:24] [IGNORADO] Concurso ID: 66 | Nome: 'De Ingresso na Atividade Notarial e de Registro do Estado de Santa Catarina - Prova Escrita Objetiva - Ingresso Por Provimento - Tipo 1'
👉 Motivo: A URL já está cadastrada no banco de dados.
🔗 URL: https://conhecimento.fgv.br/sites/default/files/concursos/tjsc_ingresso_por_provimento_provimento_tipo_1.pdf
--------------------------------------------------------------------------------
[2026-06-18 11:00:25] [IGNORADO] Concurso ID: 66 | Nome: 'De Ingresso na Atividade Notarial e de Registro do Estado de Santa Catarina - Prova Escrita Objetiva'
👉 Motivo: A URL já está cadastrada no banco de dados.
🔗 URL: https://conhecimento.fgv.br/sites/default/files/concursos/tjsc_ingresso_por_remocao_rem0cao_tipo_1.pdf
--------------------------------------------------------------------------------
[2026-06-18 11:00:27] [IGNORADO] Concurso ID: 67 | Nome: 'Oficial da Polícia Militar do Estado de São Paulo - Prova Objetiva - Tipo 1'
👉 Motivo: A URL já está cadastrada no banco de dados.
🔗 URL: http://netstorage.fgv.br/pmesp2020/PMSP2020_Aluno-Oficial_PM_(PMSP-E)_Tipo_1.pdf
--------------------------------------------------------------------------------
[2026-06-18 11:00:31] [IGNORADO] Concurso ID: 69 | Nome: 'Câmara Municipal de Aracaju - Nível Médio e Técnico - Assistente Administrativo - Tipo 1'
👉 Motivo: A URL já está cadastrada no banco de dados.
🔗 URL: http://netstorage.fgv.br/cma20/CMA_ASSISTENTE_ADMINISTRATIVO_(ASS-ADM)_Tipo_1.pdf
--------------------------------------------------------------------------------
[2026-06-18 11:00:38] [IGNORADO] Concurso ID: 71 | Nome: 'Tribunal de Justiça do Estado do Rio Grande do Sul - Nível Médio - Oficial de Justiça, Classe O - Tipo 1'
👉 Motivo: A URL já está cadastrada no banco de dados.
🔗 URL: http://netstorage.fgv.br/tjrs2019/TJRS_Oficial_de_Justica,_Classe_O_(OF-CLO)_Tipo_1.pdf
--------------------------------------------------------------------------------
[2026-06-18 11:00:40] [IGNORADO] Concurso ID: 72 | Nome: 'Prefeitura Municipal de Angra dos Reis - Nível Fundamental - Monitor de Educação Especial - Tipo 1'
👉 Motivo: A URL já está cadastrada no banco de dados.
🔗 URL: http://netstorage.fgv.br/angra2019/Angra2019_NF01_Monitor_de_Educacao_Especial_(Continente)_(NF01)_Tipo_1.pdf
--------------------------------------------------------------------------------
[2026-06-18 11:00:43] [IGNORADO] Concurso ID: 73 | Nome: 'Ministério Público do Estado do Rio de Janeiro - Nível Superior - Analista do Ministério Público - Administrativa - Tipo 1'
👉 Motivo: A URL já está cadastrada no banco de dados.
🔗 URL: https://conhecimento.fgv.br/sites/default/files/concursos/mprj-analista-do-ministerio-publico-area-administrativa-amp-aa-tipo-1.pdf
--------------------------------------------------------------------------------
[2026-06-18 11:00:46] [IGNORADO] Concurso ID: 74 | Nome: 'Tribunal de Justiça do Estado do Ceará - Nível Médio - Técnico Judiciário - Área Judiciária - Tipo 1'
👉 Motivo: A URL já está cadastrada no banco de dados.
🔗 URL: http://netstorage.fgv.br/tjce2019/TJ-CE_Tecnico_Judiciario_-_Area_Judiciaria_(TJ-AJ)_Tipo_1.pdf
--------------------------------------------------------------------------------
[2026-06-18 11:00:50] [IGNORADO] Concurso ID: 76 | Nome: 'Defensoria Pública do Estado do Rio de Janeiro - Nível Superior - Técnico Superior Jurídico - Tipo 1'
👉 Motivo: A URL já está cadastrada no banco de dados.
🔗 URL: http://netstorage.fgv.br/dpgerj2018/DPGE_RJ_TECNICO_SUPERIOR_JURIDICO_(TSJ-SUP)_Tipo_1_6TAR95VSM8GH6DSP.pdf
--------------------------------------------------------------------------------
[2026-06-18 11:00:55] [IGNORADO] Concurso ID: 78 | Nome: 'Secretaria Municipal de Assistência Social e Direitos Humanos - SASDH - Nível Superior - Assistente Social - Tipo 1'
👉 Motivo: A URL já está cadastrada no banco de dados.
🔗 URL: http://netstorage.fgv.br/sasdh/SASDH_Assistente_Social_(AS-ASOC)_Tipo_1.pdf
--------------------------------------------------------------------------------
[2026-06-18 11:00:58] [IGNORADO] Concurso ID: 79 | Nome: 'Prefeitura Municipal de Boa Vista - SMAG - Nível Superior - Professor Licenciado - Pedagogia - Tipo 1'
👉 Motivo: A URL já está cadastrada no banco de dados.
🔗 URL: http://netstorage.fgv.br/smag/PM_BOA_VISTA_Professor_Licenciado_em_Pedagogia_(PLP-1)_Tipo_1.pdf
--------------------------------------------------------------------------------
[2026-06-18 11:01:01] [IGNORADO] Concurso ID: 81 | Nome: 'Companhia Pernambucana de Saneamento - COMPESA 2018 - Nível Superior'
👉 Motivo: A URL já está cadastrada no banco de dados.
🔗 URL: http://netstorage.fgv.br/compesa2018/COMPESA2018_Analista_de_Saneamento_-_Engenheiro_Cartografo_(NS-CARTO)_Tipo_1.pdf
--------------------------------------------------------------------------------
[2026-06-18 11:01:05] [IGNORADO] Concurso ID: 82 | Nome: 'Tribunal de Justiça do Estado de Santa Catarina 2018 - Nível Superior - Analista Administrativo - Tipo 1'
👉 Motivo: A URL já está cadastrada no banco de dados.
🔗 URL: http://netstorage.fgv.br/tjsc2018/TJ_SC_2018_Analista_Administrativo_(ADAM)_Tipo_1.pdf
--------------------------------------------------------------------------------
[2026-06-18 11:01:08] [IGNORADO] Concurso ID: 83 | Nome: 'Ministério Público do Estado de Alagoas - Nível Médio - Técnico do Ministério Público - Geral - Tipo 1'
👉 Motivo: A URL já está cadastrada no banco de dados.
🔗 URL: http://netstorage.fgv.br/mpal/MPAL2018_Tecnico_do_Ministerio_Publico_-_Geral_(NM01)_Tipo_1.pdf
--------------------------------------------------------------------------------
[2026-06-18 16:37:37] [IGNORADO] Concurso ID: 2 | Nome: 'CGM Niterói - SEPLAG - Secretaria de Planejamento, Modernização da Gestão e Controle - Provas do Curso de Formação - Semana 1'
👉 Motivo: A URL já está cadastrada no banco de dados.
🔗 URL: http://netstorage.fgv.br/seplag/103_SEPLAG_-_Curso_de_Formacao_-_Semana_01_-_Tipo_1.pdf
--------------------------------------------------------------------------------
[2026-06-18 16:37:38] [IGNORADO] Concurso ID: 2 | Nome: 'CGM Niterói - SEPLAG - Secretaria de Planejamento, Modernização da Gestão e Controle - Analista de Políticas Públicas e Gestão Governamental - Gestão Governamental - Tipo 1'
👉 Motivo: A URL já está cadastrada no banco de dados.
🔗 URL: https://conhecimento.fgv.br/sites/default/files/concursos/103-analista-de-politicas-publicas-e-gestao-governamental-gestao-governamental-ana01-tipo-1.pdf
--------------------------------------------------------------------------------
[2026-06-18 16:37:40] [IGNORADO] Concurso ID: 3 | Nome: 'Tribunal de Justiça do Estado de Alagoas - Nível Superior - Analista Judiciário - Oficial de Justiça Avaliador - Tipo 1'
👉 Motivo: A URL já está cadastrada no banco de dados.
🔗 URL: http://netstorage.fgv.br/tjal/TJ_AL_2018_-_REAPLICACAO_Analista_Judiciario_-_Oficial_de_Justica_Avaliador_(AJ-AVAL)_Tipo_1.pdf
--------------------------------------------------------------------------------
[2026-06-18 16:37:41] [IGNORADO] Concurso ID: 3 | Nome: 'Tribunal de Justiça do Estado de Alagoas - Nível Médio - Técnico Judiciário - Área Judiciária - Tipo 1'
👉 Motivo: A URL já está cadastrada no banco de dados.
🔗 URL: http://netstorage.fgv.br/tjal/TJ_AL_2018_Tecnico_Judiciario_-_Area_Judiciaria_(TJ-AJUDIC)_Tipo_1.pdf
--------------------------------------------------------------------------------
[2026-06-18 16:37:44] [IGNORADO] Concurso ID: 4 | Nome: 'Câmara Municipal de Salvador - Nível Médio - Assistente - Assistente Legislativo Municipal - Tipo 1'
👉 Motivo: A URL já está cadastrada no banco de dados.
🔗 URL: http://netstorage.fgv.br/cms2017/CMS_BA_2017_Assistente_Legislativo_Municipal_(ALM-NM)_Tipo_1.pdf
--------------------------------------------------------------------------------
[2026-06-18 16:37:49] [IGNORADO] Concurso ID: 5 | Nome: 'Secretaria de Estado de Finanças - SEFIN/RO - Nível Superior - Auditor Fiscal de Tributos Estaduais - Tipo 1'
👉 Motivo: A URL já está cadastrada no banco de dados.
🔗 URL: http://netstorage.fgv.br/sefinro/102_Auditor_Fiscal_de_Tributos_Estaduais_(NS01)_Tipo_1.pdf
--------------------------------------------------------------------------------
[2026-06-18 16:37:51] [IGNORADO] Concurso ID: 6 | Nome: 'Ministério Público do Estado da Bahia - Nível Médio - Assistente Técnico - Administrativo - Tipo 1'
👉 Motivo: A URL já está cadastrada no banco de dados.
🔗 URL: http://netstorage.fgv.br/mpba2017/MPBA_Assistente_Tecnico-Administrativo_(AT-ADM)_Tipo_1.pdf
--------------------------------------------------------------------------------
[2026-06-18 16:37:54] [IGNORADO] Concurso ID: 7 | Nome: 'Secretaria de Estado do Planejamento, Orçamento e Gestão - SEPOG/RO - Nível Médio'
👉 Motivo: A URL já está cadastrada no banco de dados.
🔗 URL: http://netstorage.fgv.br/sepogro/E01_Tecnico_em_Politicas_Publicas_e_Gestao_Governamental_(TPPS)_Tipo_1.pdf
--------------------------------------------------------------------------------
[2026-06-18 16:37:55] [IGNORADO] Concurso ID: 7 | Nome: 'Secretaria de Estado do Planejamento, Orçamento e Gestão - SEPOG/RO - Nível Médio - Técnico em Políticas Públicas e Gestão Governamental - Tipo 1'
👉 Motivo: A URL já está cadastrada no banco de dados.
🔗 URL: http://netstorage.fgv.br/sepogro/201702_Tecnico_em_Politicas_Publicas_e_Gestao_Governamental_(NM001)_Tipo_1.pdf
--------------------------------------------------------------------------------
[2026-06-18 16:37:58] [IGNORADO] Concurso ID: 8 | Nome: 'Tribunal Regional do Trabalho da 12ª Região - Nível Médio - Técnico Judiciário - Área Administrativa - Tipo 1'
👉 Motivo: A URL já está cadastrada no banco de dados.
🔗 URL: http://netstorage.fgv.br/trt_12r/TRT_SC_Tecnico_Judiciario_-_Area_Administrativa_(TJ-TECJUD)_Tipo_1.pdf
--------------------------------------------------------------------------------
[2026-06-18 16:38:03] [IGNORADO] Concurso ID: 10 | Nome: 'Companhia Pernambucana de Saneamento - COMPESA 2016 - Nível Superior - Analista de Gestão'
👉 Motivo: A URL já está cadastrada no banco de dados.
🔗 URL: https://conhecimento.fgv.br/sites/default/files/concursos/compesa2016/201605_Analista_de_Gestao_(Administrador_de_Banco_de_Dados)_(NS007)_Tipo_1.pdf
--------------------------------------------------------------------------------
[2026-06-18 16:38:07] [IGNORADO] Concurso ID: 11 | Nome: 'Prefeitura Municipal de Paulínia 2016 - Nível Superior'
👉 Motivo: A URL já está cadastrada no banco de dados.
🔗 URL: https://conhecimento.fgv.br/sites/default/files/concursos/prefeitura_paulinia2016/201602_Professor_III_(Artes)_(NS01001)_Tipo_1.pdf
--------------------------------------------------------------------------------
[2026-06-18 16:38:14] [IGNORADO] Concurso ID: 12 | Nome: 'Secretaria Municipal de Educação do Município de São Paulo - Professor de Ensino Fundamental II e Médio - Arte - Tipo 1'
👉 Motivo: A URL já está cadastrada no banco de dados.
🔗 URL: https://conhecimento.fgv.br/sites/default/files/concursos/smesp/201602_Professor_de_Ensino_Fundamental_II_e_Medio_(Arte)_(NS001)_Tipo_1.pdf
--------------------------------------------------------------------------------
[2026-06-18 16:38:19] [IGNORADO] Concurso ID: 13 | Nome: 'Secretaria Municipal de Fazenda de Cuiabá - NÍVEL SUPERIOR - PROVA I - MANHÃ - Tipo 1'
👉 Motivo: A URL já está cadastrada no banco de dados.
🔗 URL: https://conhecimento.fgv.br/sites/default/files/concursos/prefeituracuiaba_fazenda/201506__Auditor_Fiscal_Tributario_da_Receita_Municipal_(Manha)_(NS001)_Tipo_1.pdf
--------------------------------------------------------------------------------
[2026-06-18 16:38:24] [IGNORADO] Concurso ID: 16 | Nome: 'Ministério das Relações Exteriores - Oficial de Chancelaria - Avaliação Final do Curso de Preparação - Tipo A'
👉 Motivo: A URL já está cadastrada no banco de dados.
🔗 URL: https://conhecimento.fgv.br/sites/default/files/concursos/mre/ProvamodeloA.pdf
--------------------------------------------------------------------------------
[2026-06-18 16:38:25] [IGNORADO] Concurso ID: 16 | Nome: 'Ministério das Relações Exteriores - Oficial de Chancelaria - Prova Escrita Objetiva - Tipo 1'
👉 Motivo: A URL já está cadastrada no banco de dados.
🔗 URL: https://conhecimento.fgv.br/sites/default/files/concursos/mre/MRE_Oficial_de_Chancelaria_(OFICIAL-CH)_Tipo_1.pdf
--------------------------------------------------------------------------------
[2026-06-18 16:38:29] [IGNORADO] Concurso ID: 18 | Nome: 'Secretaria Municipal de Fazenda de Niterói - Nível Superior - Fiscal de Tributos - Tipo 1'
👉 Motivo: A URL já está cadastrada no banco de dados.
🔗 URL: https://conhecimento.fgv.br/sites/default/files/concursos/smf_niteroi/SMFN_2015_Fiscal_de_Tributos_(FISCTRIB)_Tipo_1.pdf
--------------------------------------------------------------------------------
[2026-06-18 16:38:30] [IGNORADO] Concurso ID: 18 | Nome: 'Secretaria Municipal de Fazenda de Niterói - Nível Superior - Contador'
👉 Motivo: A URL já está cadastrada no banco de dados.
🔗 URL: https://conhecimento.fgv.br/sites/default/files/concursos/smf_niteroi/SMFN_2015_Contador_(CONTA)_Tipo_1.pdf
--------------------------------------------------------------------------------
[2026-06-18 16:38:33] [IGNORADO] Concurso ID: 20 | Nome: 'Tribunal de Justiça do Estado do Piauí - Analista Judiciário - Área Judiciária - Escrivão Judicial - Tipo 1'
👉 Motivo: A URL já está cadastrada no banco de dados.
🔗 URL: https://conhecimento.fgv.br/sites/default/files/concursos/tjpi/TJ_PI_Analista_Judiciario_-_Area_Judiciaria_-_Escrivao_Judicial_(JUD-ESC)_Tipo_1.pdf
--------------------------------------------------------------------------------
[2026-06-18 16:38:38] [IGNORADO] Concurso ID: 21 | Nome: 'Procuradoria Geral do Estado de Rondônia - Analista da Procuradoria - Administrador - Tipo 1'
👉 Motivo: A URL já está cadastrada no banco de dados.
🔗 URL: https://conhecimento.fgv.br/sites/default/files/concursos/pgero/PGE_Analista_da_Procuradoria_-_Especialidade_-_Administrador_(AP-ADM)_Tipo_1.pdf
--------------------------------------------------------------------------------
[2026-06-18 16:38:41] [IGNORADO] Concurso ID: 22 | Nome: 'Prefeitura Municipal de Paulínia - Ficha de Informações Pessoais - FIP'
👉 Motivo: A URL já está cadastrada no banco de dados.
🔗 URL: https://conhecimento.fgv.br/sites/default/files/concursos/prefeitura_paulinia/FIP_-Prefeitura_de_Paulinia.pdf
--------------------------------------------------------------------------------
[2026-06-18 16:38:41] [IGNORADO] Concurso ID: 22 | Nome: 'Prefeitura Municipal de Paulínia - Ficha de Informações Pessoais - FIP'
👉 Motivo: A URL já está cadastrada no banco de dados.
🔗 URL: https://conhecimento.fgv.br/sites/default/files/concursos/prefeitura_paulinia/FIP_-Prefeitura_de_Paulinia.pdf
--------------------------------------------------------------------------------
[2026-06-18 16:38:41] [IGNORADO] Concurso ID: 22 | Nome: 'Prefeitura Municipal de Paulínia - Nível Médio Completo - Guarda Municipal (Masculino/Feminino) - Tipo 1'
👉 Motivo: A URL já está cadastrada no banco de dados.
🔗 URL: https://conhecimento.fgv.br/sites/default/files/concursos/prefeitura_paulinia/PAULINIA_Guarda_Municipal_(GMUN)_Tipo_1.pdf
--------------------------------------------------------------------------------
[2026-06-18 16:38:43] [IGNORADO] Concurso ID: 23 | Nome: 'Companhia de Desenvolvimento Econômico de Minas Gerais - Analista de Apoio - Arquivista'
👉 Motivo: A URL já está cadastrada no banco de dados.
🔗 URL: https://conhecimento.fgv.br/sites/default/files/concursos/codemig/CODEMIG_Analista_de_Apoio_-_Arquivista_(AAARQ)_Tipo_1.pdf
--------------------------------------------------------------------------------
[2026-06-18 16:38:47] [IGNORADO] Concurso ID: 24 | Nome: 'Tribunal de Justiça do Estado de Rondônia - Nível Superior - Analista Judiciário – Administrador - Tipo 1'
👉 Motivo: A URL já está cadastrada no banco de dados.
🔗 URL: https://conhecimento.fgv.br/sites/default/files/concursos/tjro/TJ_RO_Analista_Judiciario_-_Especialidade_-_Administrador_(AJ-ADM)_Tipo_1.pdf
--------------------------------------------------------------------------------
[2026-06-18 16:38:51] [IGNORADO] Concurso ID: 25 | Nome: 'Prefeitura da Cidade do Recife - Educação - Nível Médio - Agente de Apoio ao Desenvolvimento Escolar Especial - AADEE - Tipo 1'
👉 Motivo: A URL já está cadastrada no banco de dados.
🔗 URL: https://conhecimento.fgv.br/sites/default/files/concursos/prefeitura_recife_aadee/201504_Agente_de_Apoio_ao_Desenvolvimento_Escolar_Especial_-_AADEE_(NM001)_Tipo_1.pdf
--------------------------------------------------------------------------------
[2026-06-18 16:38:54] [IGNORADO] Concurso ID: 26 | Nome: 'Tribunal de Contas do Município de São Paulo - Prova Objetiva - Agente de Fiscalização - Administração - Tipo 1'
👉 Motivo: A URL já está cadastrada no banco de dados.
🔗 URL: https://conhecimento.fgv.br/sites/default/files/concursos/tcmsp/TCM_SP_Agente_de_Fiscalizacao_-_Especialidade_-_Administracao_(NS-ADM)_Tipo_1.pdf
--------------------------------------------------------------------------------
[2026-06-18 16:38:57] [IGNORADO] Concurso ID: 27 | Nome: 'Tribunal de Contas do Estado do Rio de Janeiro - Nível Superior - Auditor Substituto - Tipo 1'
👉 Motivo: A URL já está cadastrada no banco de dados.
🔗 URL: https://conhecimento.fgv.br/sites/default/files/concursos/tcerj/TCE_RJ_Auditor_Substituto_(AUDSUBST)_Tipo_1.pdf
--------------------------------------------------------------------------------
[2026-06-18 16:38:59] [IGNORADO] Concurso ID: 28 | Nome: 'Câmara Municipal de Caruaru - ANALISTA LEGISLATIVO'
👉 Motivo: A URL já está cadastrada no banco de dados.
🔗 URL: https://conhecimento.fgv.br/sites/default/files/concursos/caruaru/CP201502_Analista_Legislativo_(Administracao)_(NS001)_Tipo_1.pdf
--------------------------------------------------------------------------------
[2026-06-18 16:39:02] [IGNORADO] Concurso ID: 29 | Nome: 'Tribunal de Contas do Estado de Sergipe - NÍVEL SUPERIOR - Médico'
👉 Motivo: A URL já está cadastrada no banco de dados.
🔗 URL: https://conhecimento.fgv.br/sites/default/files/concursos/tcese/TCE_SE_Medico_(MED)_Tipo_1.pdf
--------------------------------------------------------------------------------
[2026-06-18 16:39:04] [IGNORADO] Concurso ID: 30 | Nome: 'Secretaria de Estado de Segurança Pública do Amazonas - NÍVEL SUPERIOR - Técnico de Nível Superior - Tipo 1'
👉 Motivo: A URL já está cadastrada no banco de dados.
🔗 URL: https://conhecimento.fgv.br/sites/default/files/concursos/sspam/SSP_AM_Tecnico_de_Nivel_Superior_(Tecnico_de_Nivel_Superior)_Tipo_1.pdf
--------------------------------------------------------------------------------
[2026-06-18 16:39:06] [IGNORADO] Concurso ID: 31 | Nome: 'Defensoria Pública do Estado de Rondônia - ANALISTA DA DEFENSORIA PÚBLICA - Analista Contábil - Tipo 1'
👉 Motivo: A URL já está cadastrada no banco de dados.
🔗 URL: https://conhecimento.fgv.br/sites/default/files/concursos/dpero/DEF_RO_Analista_da_Defensoria_Publica_-_Especialidade_-_Analista_Contabil_(Analista_Contabil)_Tipo_1.pdf
--------------------------------------------------------------------------------
[2026-06-18 16:39:11] [IGNORADO] Concurso ID: 32 | Nome: 'Tribunal de Justiça do Estado de Santa Catarina - NÍVEL SUPERIOR - Analista Administrativo - Tipo 1'
👉 Motivo: A URL já está cadastrada no banco de dados.
🔗 URL: https://conhecimento.fgv.br/sites/default/files/concursos/tjsc/TJSC_Analista_Administrativo_(Analista_Administrativo)_Tipo_1.pdf
--------------------------------------------------------------------------------
[2026-06-18 16:39:14] [IGNORADO] Concurso ID: 33 | Nome: 'Defensoria Pública do Estado de Mato Grosso - NÍVEL SUPERIOR - ANALISTA - Administrador - Tipo 1'
👉 Motivo: A URL já está cadastrada no banco de dados.
🔗 URL: https://conhecimento.fgv.br/sites/default/files/concursos/dpmt/DEF-MT_2015_Analista_(Administrador)_(NS001)_Tipo_1.pdf
--------------------------------------------------------------------------------
[2026-06-18 16:39:17] [IGNORADO] Concurso ID: 34 | Nome: 'Tribunal de Justiça do Estado da Bahia - ANALISTA JUDICIÁRIO - Área de Apoio Especializado - Administração - Tipo 1'
👉 Motivo: A URL já está cadastrada no banco de dados.
🔗 URL: https://conhecimento.fgv.br/sites/default/files/concursos/tjba/TJBA_REAP_Analista_Judiciario_-_Area_de_Apoio_Especializado_-_Especialidade_-_Administracao_(Analista_Judiciario__-_Administracao)_Tipo_1.pdf
--------------------------------------------------------------------------------
[2026-06-18 16:39:18] [IGNORADO] Concurso ID: 34 | Nome: 'Tribunal de Justiça do Estado da Bahia - ANALISTA JUDICIÁRIO - Subescrivão - Área Judiciária - Direito - Tipo 1'
👉 Motivo: A URL já está cadastrada no banco de dados.
🔗 URL: https://conhecimento.fgv.br/sites/default/files/concursos/tjba/TJBAHIA_Analista_Judiciario_-_Subescrivao_-_Area_Judiciaria_-_Especialidade_-_Direito_(ANJU-AJU)_Tipo_1.pdf
--------------------------------------------------------------------------------
[2026-06-18 16:39:24] [IGNORADO] Concurso ID: 35 | Nome: 'Procuradoria Geral do Município de Niterói - Nível Superior - Procurador do Município de 3ª Categoria - Tipo 1'
👉 Motivo: A URL já está cadastrada no banco de dados.
🔗 URL: https://conhecimento.fgv.br/sites/default/files/concursos/pgm_niteroi/PGM_-_Niteroi_-_Nivel_Superior_-_Procurador_-_Tipo01.pdf
--------------------------------------------------------------------------------
[2026-06-18 16:39:29] [IGNORADO] Concurso ID: 38 | Nome: 'Prefeitura Municipal de Florianópolis - SC - Nível Superior'
👉 Motivo: A URL já está cadastrada no banco de dados.
🔗 URL: https://conhecimento.fgv.br/sites/default/files/concursos/prefeitura_florianopolis/PMF_Administrador_(ADM)_Tipo_1.pdf
--------------------------------------------------------------------------------
[2026-06-18 16:39:32] [IGNORADO] Concurso ID: 39 | Nome: 'Companhia de Processamento de Dados do Município de Porto Alegre – PROCEMPA - Nível Superior Completo - Analista Administrativo - Advogado - Tipo 1'
👉 Motivo: A URL já está cadastrada no banco de dados.
🔗 URL: https://conhecimento.fgv.br/sites/default/files/concursos/procempa/Procempa_-_Nivel_Superior_-_Analista_Administrativo_-_Advogado_-_Tipo01.pdf
--------------------------------------------------------------------------------
[2026-06-18 16:39:36] [IGNORADO] Concurso ID: 40 | Nome: 'Tribunal de Justiça do Estado de Goiás - ÁREA: Judiciária - Área Judiciária - Tipo 1'
👉 Motivo: A URL já está cadastrada no banco de dados.
🔗 URL: https://conhecimento.fgv.br/sites/default/files/concursos/tjgo/TJGO_Analista_Judiciario_-_Area_Judiciaria_-_Especialidade_Area_Judiciaria_(ANJUD-AJ)_Tipo_1.pdf
--------------------------------------------------------------------------------
[2026-06-18 16:39:42] [IGNORADO] Concurso ID: 42 | Nome: 'Câmara Municipal do Recife - Nível Superior Completo'
👉 Motivo: A URL já está cadastrada no banco de dados.
🔗 URL: https://conhecimento.fgv.br/sites/default/files/concursos/recife_analista_de_sistemas_ansis_tipo_1.pdf
--------------------------------------------------------------------------------
[2026-06-18 16:39:49] [IGNORADO] Concurso ID: 45 | Nome: 'Banco do Nordeste do Brasil S/A - Prova Escrita Objetiva - Analista Bancário 1 - Tipo 1'
👉 Motivo: A URL já está cadastrada no banco de dados.
🔗 URL: https://conhecimento.fgv.br/sites/default/files/concursos/analista_bancario_1_ab1001_tipo_1.pdf
--------------------------------------------------------------------------------
[2026-06-18 16:39:51] [IGNORADO] Concurso ID: 46 | Nome: 'Companhia Pernambucana de Saneamento - COMPESA - Nível Superior - Analista de Saneamento - Engenheiro Civil - Tipo 1'
👉 Motivo: A URL já está cadastrada no banco de dados.
🔗 URL: https://conhecimento.fgv.br/sites/default/files/concursos/nivel_superior_-_analista_de_saneamento_-_engenheiro_civil_-_tipo01.pdf
--------------------------------------------------------------------------------
[2026-06-18 16:39:56] [IGNORADO] Concurso ID: 48 | Nome: 'Fundação Nacional de Artes - FUNARTE - Nível Superior'
👉 Motivo: A URL já está cadastrada no banco de dados.
🔗 URL: https://conhecimento.fgv.br/sites/default/files/concursos/funarte_-_pts_i_administracao_e_planejamento_-_prova.pdf
--------------------------------------------------------------------------------
[2026-06-18 16:39:56] [IGNORADO] Concurso ID: 48 | Nome: 'Fundação Nacional de Artes - FUNARTE - Nível Superior'
👉 Motivo: A URL já está cadastrada no banco de dados.
🔗 URL: https://conhecimento.fgv.br/sites/default/files/concursos/funarte_-_pts_i_administracao_e_planejamento_-_prova.pdf
--------------------------------------------------------------------------------
[2026-06-18 16:39:56] [IGNORADO] Concurso ID: 48 | Nome: 'Fundação Nacional de Artes - FUNARTE - Nível Superior - PTS II – Psicólogo - PTS III'
👉 Motivo: A URL já está cadastrada no banco de dados.
🔗 URL: https://conhecimento.fgv.br/sites/default/files/concursos/funarte_-_pts_ii_e_pts_iii_-_prova.pdf
--------------------------------------------------------------------------------
[2026-06-18 16:39:59] [IGNORADO] Concurso ID: 49 | Nome: 'Defensoria Pública do Estado do Rio de Janeiro - Técnico Médio da Defensoria - Tipo 1'
👉 Motivo: A URL já está cadastrada no banco de dados.
🔗 URL: https://conhecimento.fgv.br/sites/default/files/concursos/defensoria_rj_2014_-_tecnico_medio_-_diagramada_e_pronta_tipo_1.pdf
--------------------------------------------------------------------------------
[2026-06-18 16:40:03] [IGNORADO] Concurso ID: 50 | Nome: 'Defensoria Pública do Distrito Federal - Prova Escrita Objetiva - Analista de Apoio à Assistência Judiciária - Área Judiciária - Tipo 1'
👉 Motivo: A URL já está cadastrada no banco de dados.
🔗 URL: https://conhecimento.fgv.br/sites/default/files/concursos/dpdf_prova_formatada_tipo_1_v2.pdf
--------------------------------------------------------------------------------
[2026-06-18 16:40:05] [IGNORADO] Concurso ID: 51 | Nome: 'Prefeitura Municipal de João Pessoa - PB - Prova Escrita Objetiva - Tipo 1'
👉 Motivo: A URL já está cadastrada no banco de dados.
🔗 URL: https://conhecimento.fgv.br/sites/default/files/concursos/peb-jp_2013_peb_i_-_professor_de_educacao_basica_i_prova_tipo_01.pdf
--------------------------------------------------------------------------------
[2026-06-18 16:40:11] [IGNORADO] Concurso ID: 53 | Nome: 'Ministério Público do Estado do Rio de Janeiro - Analista do Ministério Público - Administrativa - Tipo 1'
👉 Motivo: A URL já está cadastrada no banco de dados.
🔗 URL: https://conhecimento.fgv.br/sites/default/files/concursos/mprj/MPRJ_2016_Analista_do_Ministerio_Publico_-_Area_Administrativa_(AMPAD)_Tipo_1.pdf
--------------------------------------------------------------------------------
[2026-06-18 16:40:19] [IGNORADO] Concurso ID: 55 | Nome: 'Professor Educação Básica II - Prova Escrita Objetiva - Tipo 1'
👉 Motivo: A URL já está cadastrada no banco de dados.
🔗 URL: https://conhecimento.fgv.br/sites/default/files/concursos/pebii_prova_conhecimentospedagogicos_tipo_01.pdf
--------------------------------------------------------------------------------
[2026-06-18 16:40:27] [IGNORADO] Concurso ID: 57 | Nome: 'Companhia de Desenvolvimento Urbano do Estado da Bahia - CONDER - Nível Superior - Advogado - Tipo 1'
👉 Motivo: A URL já está cadastrada no banco de dados.
🔗 URL: https://conhecimento.fgv.br/sites/default/files/concursos/conder_2013_ns_advogado_tipo_01_0.pdf
--------------------------------------------------------------------------------
[2026-06-18 16:40:27] [IGNORADO] Concurso ID: 57 | Nome: 'Companhia de Desenvolvimento Urbano do Estado da Bahia - CONDER - Nível Superior - Administrador - Tipo 1'
👉 Motivo: A URL já está cadastrada no banco de dados.
🔗 URL: https://conhecimento.fgv.br/sites/default/files/concursos/conder_2013_ns_administrador_tipo_01.pdf
--------------------------------------------------------------------------------
[2026-06-18 16:40:33] [IGNORADO] Concurso ID: 59 | Nome: 'Superintendência do Desenvolvimento do Nordeste - SUDENE - Agente Administrativo - Tipo 1'
👉 Motivo: A URL já está cadastrada no banco de dados.
🔗 URL: https://conhecimento.fgv.br/sites/default/files/concursos/sudene_2013_nm_agente_administrativo_tipo_01.pdf
--------------------------------------------------------------------------------
[2026-06-18 16:40:39] [IGNORADO] Concurso ID: 61 | Nome: 'Instituto Estadual do Ambiente - Provas'
👉 Motivo: A URL já está cadastrada no banco de dados.
🔗 URL: https://conhecimento.fgv.br/sites/default/files/concursos/administrador_-_tipo_01.pdf
--------------------------------------------------------------------------------
[2026-06-18 16:40:47] [IGNORADO] Concurso ID: 61 | Nome: 'Instituto Estadual do Ambiente - Gabarito Oficial Preliminar da Prova Escrita Objetiva'
👉 Motivo: A URL já está cadastrada no banco de dados.
🔗 URL: https://conhecimento.fgv.br/sites/default/files/concursos/inea_gabarito_administrador.pdf
--------------------------------------------------------------------------------
[2026-06-18 16:40:52] [IGNORADO] Concurso ID: 62 | Nome: 'Ministério Público do Estado de Mato Grosso do Sul - Gabaritos'
👉 Motivo: A URL já está cadastrada no banco de dados.
🔗 URL: https://conhecimento.fgv.br/sites/default/files/concursos/mpms_gabarito_definitivo_analista_administracao.pdf
--------------------------------------------------------------------------------
[2026-06-18 16:40:55] [IGNORADO] Concurso ID: 62 | Nome: 'Ministério Público do Estado de Mato Grosso do Sul - Provas'
👉 Motivo: A URL já está cadastrada no banco de dados.
🔗 URL: https://conhecimento.fgv.br/sites/default/files/concursos/mpms2012_analista_administracao_tipo_01.pdf
--------------------------------------------------------------------------------
[2026-06-18 16:40:59] [IGNORADO] Concurso ID: 62 | Nome: 'Ministério Público do Estado de Mato Grosso do Sul - Gabaritos'
👉 Motivo: A URL já está cadastrada no banco de dados.
🔗 URL: https://conhecimento.fgv.br/sites/default/files/concursos/mpms_gabaritos_analista_-_administracao_0.pdf
--------------------------------------------------------------------------------
[2026-06-18 16:41:10] [IGNORADO] Concurso ID: 67 | Nome: 'Fundação Biblioteca Nacional - Gabaritos'
👉 Motivo: A URL já está cadastrada no banco de dados.
🔗 URL: https://conhecimento.fgv.br/sites/default/files/concursos/fbn_gabaritos_definitos_assistente_administrativo.pdf
--------------------------------------------------------------------------------
[2026-06-18 16:41:10] [IGNORADO] Concurso ID: 67 | Nome: 'Fundação Biblioteca Nacional - Provas'
👉 Motivo: A URL já está cadastrada no banco de dados.
🔗 URL: https://conhecimento.fgv.br/sites/default/files/concursos/fbn_-_assistenteadministrativ_manha_tipo01.pdf
--------------------------------------------------------------------------------
[2026-06-18 16:41:11] [IGNORADO] Concurso ID: 67 | Nome: 'Fundação Biblioteca Nacional - Gabaritos'
👉 Motivo: A URL já está cadastrada no banco de dados.
🔗 URL: https://conhecimento.fgv.br/sites/default/files/concursos/fbn_gabaritos_assistente_administrativo_0.pdf
--------------------------------------------------------------------------------
[2026-06-18 16:41:13] [IGNORADO] Concurso ID: 68 | Nome: 'Assembleia Legislativa do Estado da Bahia - Nível Superior - Auditor'
👉 Motivo: A URL já está cadastrada no banco de dados.
🔗 URL: https://conhecimento.fgv.br/sites/default/files/concursos/nivel_superior_-_auditor_-_tipo01.pdf
--------------------------------------------------------------------------------
[2026-06-23 12:30:23] [IGNORADO] Concurso ID: 12 | Nome: 'Agência Reguladora de Energia e Saneamento Básico do Estado do Rio de Janeiro - AGENERSA - Nível Superior - Analista Técnico - Tipo 1'
👉 Motivo: A URL já está cadastrada no banco de dados.
🔗 URL: https://conhecimento.fgv.br/sites/default/files/concursos/cns001-analista-tecnicocns001-tipo-1.pdf
--------------------------------------------------------------------------------
[2026-06-23 12:30:25] [IGNORADO] Concurso ID: 13 | Nome: 'Secretaria de Estado da Administração - SEAD-AP - Peritos - Nível Médio'
👉 Motivo: A URL já está cadastrada no banco de dados.
🔗 URL: https://conhecimento.fgv.br/sites/default/files/concursos/tecnico_pericial_biomedicocnst001_tipo_1.pdf
--------------------------------------------------------------------------------
[2026-06-23 12:30:35] [IGNORADO] Concurso ID: 15 | Nome: 'Polícia Militar do Estado de São Paulo - Oficiais do Quadro de Saúde - Exames de Conhecimentos - 2º Tenente Dentista PM Estagiário - Tipo 1'
👉 Motivo: A URL já está cadastrada no banco de dados.
🔗 URL: https://conhecimento.fgv.br/sites/default/files/concursos/2o_tenente_dentista_pm_estagiariocns201_tipo_1.pdf
--------------------------------------------------------------------------------
[2026-06-23 12:30:45] [IGNORADO] Concurso ID: 17 | Nome: 'Tribunal Regional do Trabalho - 16ª Região - Prova Objetiva'
👉 Motivo: A URL já está cadastrada no banco de dados.
🔗 URL: https://conhecimento.fgv.br/sites/default/files/concursos/analista_judiciario_area_administrativa_-_biblioteconomiacnsm005_tipo_1.pdf
--------------------------------------------------------------------------------
[2026-06-23 12:30:50] [IGNORADO] Concurso ID: 19 | Nome: 'Corpo de Bombeiros Militar do Estado do Rio de Janeiro - Prova Objetiva - CADETE BM do 1º ano do Curso de Formação de Oficiais - Tipo 1'
👉 Motivo: A URL já está cadastrada no banco de dados.
🔗 URL: https://conhecimento.fgv.br/sites/default/files/concursos/cadete_bm_do_1o_ano_do_curso_de_formacao_de_oficiaiscnm001_tipo_1_8461654891.pdf
--------------------------------------------------------------------------------
[2026-06-23 12:30:53] [IGNORADO] Concurso ID: 20 | Nome: 'Secretaria de Estado da Administração - SEAD-AP - Nível Superior - Pedagogo - Tipo 1'
👉 Motivo: A URL já está cadastrada no banco de dados.
🔗 URL: https://conhecimento.fgv.br/sites/default/files/concursos/pedagogo-cns020-tipo-1.pdf
--------------------------------------------------------------------------------
[2026-06-23 12:30:53] [IGNORADO] Concurso ID: 20 | Nome: 'Secretaria de Estado da Administração - SEAD-AP - Nível Superior - Pedagogo - Tipo 1'
👉 Motivo: A URL já está cadastrada no banco de dados.
🔗 URL: https://conhecimento.fgv.br/sites/default/files/concursos/pedagogo_cns020_tipo_1.pdf
--------------------------------------------------------------------------------
[2026-06-23 12:30:59] [IGNORADO] Concurso ID: 21 | Nome: 'Tribunal de Contas do Estado do Tocantins - Nível Superior - Auditor de Controle Externo - Ciências Contábeis - Tipo 1'
👉 Motivo: A URL já está cadastrada no banco de dados.
🔗 URL: https://conhecimento.fgv.br/sites/default/files/concursos/auditor_de_controle_externo_-_ciencias_contabeisaudciecon_tipo_1.pdf
--------------------------------------------------------------------------------
[2026-06-23 12:31:03] [IGNORADO] Concurso ID: 22 | Nome: 'Procuradoria-Geral do Estado de Santa Catarina - Nível Superior - Procurador do Estado - Tipo 1'
👉 Motivo: A URL já está cadastrada no banco de dados.
🔗 URL: https://conhecimento.fgv.br/sites/default/files/concursos/procurador_do_estadopge-proc_tipo_1.pdf
--------------------------------------------------------------------------------
[2026-06-23 12:31:15] [IGNORADO] Concurso ID: 26 | Nome: 'Tribunal de Justiça do Estado de Pernambuco - Nível Superior - Juiz Substituto - 1º Dia'
👉 Motivo: A URL já está cadastrada no banco de dados.
🔗 URL: https://conhecimento.fgv.br/sites/default/files/concursos/juiz-substitutoj-subs-tipo-1.pdf
--------------------------------------------------------------------------------
[2026-06-23 12:31:15] [IGNORADO] Concurso ID: 26 | Nome: 'Tribunal de Justiça do Estado de Pernambuco - Nível Superior - Juiz Substituto - Tipo 1'
👉 Motivo: A URL já está cadastrada no banco de dados.
🔗 URL: https://conhecimento.fgv.br/sites/default/files/concursos/juiz_substitutoj-subs_tipo_1.pdf
--------------------------------------------------------------------------------
[2026-06-23 12:31:18] [IGNORADO] Concurso ID: 27 | Nome: 'Advocacia-Geral do Estado de Minas Gerais - AGE-MG - Prova Objetiva - Procurador do Estado - Tipo 1'
👉 Motivo: A URL já está cadastrada no banco de dados.
🔗 URL: https://conhecimento.fgv.br/sites/default/files/concursos/procurador_do_estado_nivel_i_grau_a_cns001_tipo_1.pdf
--------------------------------------------------------------------------------
[2026-06-23 12:31:20] [IGNORADO] Concurso ID: 28 | Nome: 'Polícia Militar do Estado de São Paulo - Exames de Conhecimentos - Soldado PM de 2ª Classe - Tipo 1'
👉 Motivo: A URL já está cadastrada no banco de dados.
🔗 URL: https://conhecimento.fgv.br/sites/default/files/concursos/soldado_pm_de_2a_classe_do_quadro_de_pracas_de_policia_militar_qppmcnm001_tipo_1.pdf
--------------------------------------------------------------------------------
[2026-06-23 12:31:22] [IGNORADO] Concurso ID: 29 | Nome: 'Tribunal de Justiça do Estado de Santa Catarina - Juiz Substituto - Nível Superior'
👉 Motivo: A URL já está cadastrada no banco de dados.
🔗 URL: https://conhecimento.fgv.br/sites/default/files/concursos/juiz_substituto_discursiva_tipo_1.pdf
--------------------------------------------------------------------------------
[2026-06-23 12:31:23] [IGNORADO] Concurso ID: 29 | Nome: 'Tribunal de Justiça do Estado de Santa Catarina - Juiz Substituto - Nível Superior - Juiz Substituto - Tipo 1'
👉 Motivo: A URL já está cadastrada no banco de dados.
🔗 URL: https://conhecimento.fgv.br/sites/default/files/concursos/juiz_substituto_juz-sub_tipo_1.pdf
--------------------------------------------------------------------------------
[2026-06-23 12:31:25] [IGNORADO] Concurso ID: 30 | Nome: 'Prefeitura Municipal de Santo André - Nível Médio - Agente de Políticas Públicas e Gestão Governamental (APPGG) - Tipo 1'
👉 Motivo: A URL já está cadastrada no banco de dados.
🔗 URL: https://conhecimento.fgv.br/sites/default/files/concursos/agente_de_politicas_publicas_e_gestao_governamental_appggcns001_tipo_1.pdf
--------------------------------------------------------------------------------
[2026-06-23 12:31:28] [IGNORADO] Concurso ID: 31 | Nome: 'Ministério Público do Estado de Santa Catarina - Nível Médio - Auxiliar do Ministério Público - Tipo 1'
👉 Motivo: A URL já está cadastrada no banco de dados.
🔗 URL: https://conhecimento.fgv.br/sites/default/files/concursos/mp_sc_2022_auxiliar_do_ministerio_publico_tipo_1.pdf
--------------------------------------------------------------------------------
[2026-06-23 12:31:31] [IGNORADO] Concurso ID: 32 | Nome: 'Tribunal de Justiça do Estado de Mato Grosso do Sul - Nível Superior - Analista Judiciário – Área Fim - Tipo 1'
👉 Motivo: A URL já está cadastrada no banco de dados.
🔗 URL: https://conhecimento.fgv.br/sites/default/files/concursos/tj_ms_2022_-_analista_judiciario_-_area_fimanajud_tipo_1.pdf
--------------------------------------------------------------------------------
[2026-06-23 12:31:33] [IGNORADO] Concurso ID: 33 | Nome: 'Tribunal de Justiça do Estado do Tocantins - Nível Superior - Contador/Distribuidor - Ciências Contábeis ou Econômicas - Tipo 1'
👉 Motivo: A URL já está cadastrada no banco de dados.
🔗 URL: https://conhecimento.fgv.br/sites/default/files/concursos/tj_to_2022_-_contador-distribuidor_tipo_1_4654131.pdf
--------------------------------------------------------------------------------
[2026-06-23 12:31:36] [IGNORADO] Concurso ID: 34 | Nome: 'Secretaria da Fazenda do Estado da Bahia - SEFAZ - Nível Superior - Administração e Finanças - Tipo 1'
👉 Motivo: A URL já está cadastrada no banco de dados.
🔗 URL: https://conhecimento.fgv.br/sites/default/files/concursos/agente_de_tributos_estaduais_administracao_e_financascns001_tipo_1.pdf
--------------------------------------------------------------------------------
[2026-06-23 12:31:47] [IGNORADO] Concurso ID: 36 | Nome: 'Ministério Público do Estado de Goiás - Servidores - Nível Superior'
👉 Motivo: A URL já está cadastrada no banco de dados.
🔗 URL: https://conhecimento.fgv.br/sites/default/files/concursos/analista_contabil_mpgo-ns001_tipo_1.pdf
--------------------------------------------------------------------------------
[2026-06-23 12:31:50] [IGNORADO] Concurso ID: 37 | Nome: 'Empresa de Pesquisa Energética - EPE - Nível Superior'
👉 Motivo: A URL já está cadastrada no banco de dados.
🔗 URL: https://conhecimento.fgv.br/sites/default/files/concursos/analista_de_pesquisa_energetica_economia_de_energians110_tipo_1.pdf
--------------------------------------------------------------------------------
[2026-06-23 12:31:53] [IGNORADO] Concurso ID: 38 | Nome: 'Tribunal de Justiça do Distrito Federal e dos Territórios (TJDFT) - Nível Superior - Analista Judiciário - Administração - Tipo 1'
👉 Motivo: A URL já está cadastrada no banco de dados.
🔗 URL: https://conhecimento.fgv.br/sites/default/files/concursos/analista_judiciario_-_administracaons-adm_tipo_1.pdf
--------------------------------------------------------------------------------
[2026-06-23 12:32:00] [IGNORADO] Concurso ID: 40 | Nome: 'Polícia Militar do Amazonas - Nível Superior'
👉 Motivo: A URL já está cadastrada no banco de dados.
🔗 URL: https://conhecimento.fgv.br/sites/default/files/concursos/oficial_da_pm_-_enfermeiro_discursivansd401_tipo_1.pdf
--------------------------------------------------------------------------------
[2026-06-23 12:32:02] [IGNORADO] Concurso ID: 40 | Nome: 'Polícia Militar do Amazonas - Nível Superior - Aluno Oficial De Saúde PM - Oficiais Enfermeiros - Enfermagem - Tipo 1'
👉 Motivo: A URL já está cadastrada no banco de dados.
🔗 URL: https://conhecimento.fgv.br/sites/default/files/concursos/oficial_da_pm_-_enfermeirons401_tipo_1.pdf
--------------------------------------------------------------------------------
[2026-06-23 12:32:08] [IGNORADO] Concurso ID: 41 | Nome: 'Corpo de Bombeiros Militar do Estado do Amazonas - Nível Superior - 2º Tenente Bombeiro Militar - Tipo 1'
👉 Motivo: A URL já está cadastrada no banco de dados.
🔗 URL: https://conhecimento.fgv.br/sites/default/files/concursos/2o_tenente_bombeiro_militarns001_tipo_1.pdf
--------------------------------------------------------------------------------
[2026-06-23 12:32:11] [IGNORADO] Concurso ID: 42 | Nome: 'Secretaria de Segurança Pública do Amazonas - Nível Superior - Técnico de Nível Superior - Tipo 1'
👉 Motivo: A URL já está cadastrada no banco de dados.
🔗 URL: https://conhecimento.fgv.br/sites/default/files/concursos/tecnico_de_nivel_superiorns001_tipo_1.pdf
--------------------------------------------------------------------------------
[2026-06-23 12:32:15] [IGNORADO] Concurso ID: 44 | Nome: 'Controladoria Geral da União - Nível Superior - Auditor Federal de Finanças e Controle - Manhã - Tipo 1'
👉 Motivo: A URL já está cadastrada no banco de dados.
🔗 URL: https://conhecimento.fgv.br/sites/default/files/concursos/cgu_2021_auditor_federal_de_financas_e_controleaffc_tipo_1_manha.pdf
--------------------------------------------------------------------------------
[2026-06-23 12:32:23] [IGNORADO] Concurso ID: 46 | Nome: 'Ministério Público do Estado de Goiás - Prova Preambular - Promotor de Justiça Substituto - Tipo 1'
👉 Motivo: A URL já está cadastrada no banco de dados.
🔗 URL: https://conhecimento.fgv.br/sites/default/files/concursos/promotor_de_justica_substitutopjs_tipo_1.pdf
--------------------------------------------------------------------------------
[2026-06-23 12:32:27] [IGNORADO] Concurso ID: 48 | Nome: 'Secretaria de Estado da Fazenda do Espírito Santo - SEFAZ-ES - Consultor do Tesouro Estadual - Nível Superior - Consultor do Tesouro Estadual - Ciências EconômicaseCiências Contáveis - Manhã - Tipo 1'
👉 Motivo: A URL já está cadastrada no banco de dados.
🔗 URL: https://conhecimento.fgv.br/sites/default/files/concursos/consultor_do_tesouro_estadual_-_ciencias_economicas_e_ciencias_contabeis_manhans001_tipo_1.pdf
--------------------------------------------------------------------------------
[2026-06-23 12:32:30] [IGNORADO] Concurso ID: 49 | Nome: 'Tribunal de Justiça do Estado do Amapá - Cadernos de provas - Juiz de Direito Substituto - Prova Escrita Discursiva'
👉 Motivo: A URL já está cadastrada no banco de dados.
🔗 URL: https://conhecimento.fgv.br/sites/default/files/concursos/tj-ap-juiz-de-direito-substitutojuizsubst-discursiva.pdf
--------------------------------------------------------------------------------
[2026-06-23 12:32:30] [IGNORADO] Concurso ID: 49 | Nome: 'Tribunal de Justiça do Estado do Amapá - Prova Objetiva Seletiva - Juiz de Direito Substituto - Tipo 1'
👉 Motivo: A URL já está cadastrada no banco de dados.
🔗 URL: https://conhecimento.fgv.br/sites/default/files/concursos/juiz_de_direito_substitutojuizsubst_tipo_1_-_revisada.pdf
--------------------------------------------------------------------------------
[2026-06-23 12:32:33] [IGNORADO] Concurso ID: 50 | Nome: 'Banco do Estado do Espírito Santo - BANESTES - Analista em Tecnologia da Informação'
👉 Motivo: A URL já está cadastrada no banco de dados.
🔗 URL: https://conhecimento.fgv.br/sites/default/files/concursos/analista_em_tecnologia_da_informacao_-_desenvolvimento_de_sistemasan-sist_tipo_1.pdf
--------------------------------------------------------------------------------
[2026-06-23 12:32:42] [IGNORADO] Concurso ID: 54 | Nome: 'Tribunal de Justiça do Estado de Rondônia - Nível Superior - Analista Judiciário - Administrador - Tipo 1'
👉 Motivo: A URL já está cadastrada no banco de dados.
🔗 URL: http://netstorage.fgv.br/tjro21/Analista_Judiciario_-_Administrador(AJ-ADM)_Tipo_1.pdf
--------------------------------------------------------------------------------
[2026-06-23 12:32:46] [IGNORADO] Concurso ID: 55 | Nome: 'Polícia Militar do Estado do Ceará - Nível Médio - Soldado Policial Militar - Tipo 1'
👉 Motivo: A URL já está cadastrada no banco de dados.
🔗 URL: https://conhecimento.fgv.br/sites/default/files/concursos/pmce2021_soldado_da_pm-ce_pmce01_tipo_1.pdf
--------------------------------------------------------------------------------
[2026-06-23 12:32:48] [IGNORADO] Concurso ID: 56 | Nome: 'Polícia Militar do Estado da Paraíba - Nível Superior - CFO PM 2022 - Tipo 1'
👉 Motivo: A URL já está cadastrada no banco de dados.
🔗 URL: https://conhecimento.fgv.br/sites/default/files/concursos/curso-de-formacao-de-oficiais-combatentes-da-pmpbcfopb-22-tipo-1.pdf
--------------------------------------------------------------------------------
[2026-06-23 12:32:52] [IGNORADO] Concurso ID: 58 | Nome: 'Polícia Militar do Estado do Rio de Janeiro - Nível Superior - Oficial da PM (QOPM) - Tipo 1'
👉 Motivo: A URL já está cadastrada no banco de dados.
🔗 URL: https://conhecimento.fgv.br/sites/default/files/concursos/pmerj2021-curso-de-formacao-de-oficiais-da-pmerj-pmcfo01-tipo-1.pdf
--------------------------------------------------------------------------------
[2026-06-23 12:32:57] [IGNORADO] Concurso ID: 60 | Nome: 'Tribunal de Justiça do Estado do Paraná - Nível Superior - Juiz Substituto - Tipo 1'
👉 Motivo: A URL já está cadastrada no banco de dados.
🔗 URL: http://netstorage.fgv.br/tjpr21/JUIZ_SUBSTITUTO(JS-JUIZ)_Tipo_1.pdf
--------------------------------------------------------------------------------
[2026-06-23 12:33:01] [IGNORADO] Concurso ID: 62 | Nome: 'Secretaria de Estado da Fazenda do Espírito Santo - SEFAZ-ES - Nível Superior - Auditor Fiscal da Receita Estadual - Manhã - Tipo 1'
👉 Motivo: A URL já está cadastrada no banco de dados.
🔗 URL: https://conhecimento.fgv.br/sites/default/files/concursos/sefaz-es-auditor-fiscal-da-receita-estadual-p1-af01-tipo-1.pdf
--------------------------------------------------------------------------------
[2026-06-23 12:33:05] [IGNORADO] Concurso ID: 63 | Nome: 'Defensoria Pública do Estado do Rio de Janeiro - Nível Superior - Classe Inicial da Carreira da Defensoria Pública do Estado do Rio de Janeiro - Tipo 1'
👉 Motivo: A URL já está cadastrada no banco de dados.
🔗 URL: https://conhecimento.fgv.br/sites/default/files/concursos/defensoria_2021_classe_inicial_da_carreira_da_defensoria_publica_do_estado_do_rio_de_janeiro_ci-defens_tipo_1.pdf
--------------------------------------------------------------------------------
[2026-06-23 12:33:07] [IGNORADO] Concurso ID: 64 | Nome: 'Indústria de Material Bélico do Brasil - IMBEL'
👉 Motivo: A URL já está cadastrada no banco de dados.
🔗 URL: http://netstorage.fgv.br/imbel21/IMBEL2021-Ita_NF01_Cargos_de_Nivel_Fundamental_(NF01)_Tipo_1.pdf
--------------------------------------------------------------------------------
[2026-06-23 12:33:10] [IGNORADO] Concurso ID: 64 | Nome: 'Indústria de Material Bélico do Brasil - IMBEL - Nível Fundamental - Empregos de Nível Fundamental - Tipo 1'
👉 Motivo: A URL já está cadastrada no banco de dados.
🔗 URL: http://netstorage.fgv.br/imbel21/IMBEL2021_NF01_Cargos_de_Nivel_Fundamental_(NF01)_Tipo_1.pdf
--------------------------------------------------------------------------------
[2026-06-23 12:33:17] [IGNORADO] Concurso ID: 65 | Nome: 'Polícia Civil do Estado do Rio Grande do Norte - Nível Superior - Delegado de Polícia Civil Substituto - Prova Escrita Objetiva - Tipo 1'
👉 Motivo: A URL já está cadastrada no banco de dados.
🔗 URL: https://conhecimento.fgv.br/sites/default/files/concursos/pcrn-delegado-de-policia-civil-substituto-deleg-01-tipo-1.pdf
--------------------------------------------------------------------------------
[2026-06-23 12:33:17] [IGNORADO] Concurso ID: 65 | Nome: 'Polícia Civil do Estado do Rio Grande do Norte - Nível Superior - Agente e Escrivão de Polícia Civil Substituto - Tipo 1'
👉 Motivo: A URL já está cadastrada no banco de dados.
🔗 URL: https://conhecimento.fgv.br/sites/default/files/concursos/anexo-sem-titulo-00312-1.pdf
--------------------------------------------------------------------------------
[2026-06-23 12:33:24] [IGNORADO] Concurso ID: 66 | Nome: 'De Ingresso na Atividade Notarial e de Registro do Estado de Santa Catarina - Prova Escrita Objetiva - Ingresso Por Provimento - Tipo 1'
👉 Motivo: A URL já está cadastrada no banco de dados.
🔗 URL: https://conhecimento.fgv.br/sites/default/files/concursos/tjsc_ingresso_por_provimento_provimento_tipo_1.pdf
--------------------------------------------------------------------------------
[2026-06-23 12:33:24] [IGNORADO] Concurso ID: 66 | Nome: 'De Ingresso na Atividade Notarial e de Registro do Estado de Santa Catarina - Prova Escrita Objetiva'
👉 Motivo: A URL já está cadastrada no banco de dados.
🔗 URL: https://conhecimento.fgv.br/sites/default/files/concursos/tjsc_ingresso_por_remocao_rem0cao_tipo_1.pdf
--------------------------------------------------------------------------------
[2026-06-23 12:33:27] [IGNORADO] Concurso ID: 67 | Nome: 'Oficial da Polícia Militar do Estado de São Paulo - Prova Objetiva - Tipo 1'
👉 Motivo: A URL já está cadastrada no banco de dados.
🔗 URL: http://netstorage.fgv.br/pmesp2020/PMSP2020_Aluno-Oficial_PM_(PMSP-E)_Tipo_1.pdf
--------------------------------------------------------------------------------
[2026-06-23 12:33:31] [IGNORADO] Concurso ID: 69 | Nome: 'Câmara Municipal de Aracaju - Nível Médio e Técnico - Assistente Administrativo - Tipo 1'
👉 Motivo: A URL já está cadastrada no banco de dados.
🔗 URL: http://netstorage.fgv.br/cma20/CMA_ASSISTENTE_ADMINISTRATIVO_(ASS-ADM)_Tipo_1.pdf
--------------------------------------------------------------------------------
[2026-06-23 12:33:41] [IGNORADO] Concurso ID: 71 | Nome: 'Tribunal de Justiça do Estado do Rio Grande do Sul - Nível Médio - Oficial de Justiça, Classe O - Tipo 1'
👉 Motivo: A URL já está cadastrada no banco de dados.
🔗 URL: http://netstorage.fgv.br/tjrs2019/TJRS_Oficial_de_Justica,_Classe_O_(OF-CLO)_Tipo_1.pdf
--------------------------------------------------------------------------------
[2026-06-23 12:33:43] [IGNORADO] Concurso ID: 72 | Nome: 'Prefeitura Municipal de Angra dos Reis - Nível Fundamental - Monitor de Educação Especial - Tipo 1'
👉 Motivo: A URL já está cadastrada no banco de dados.
🔗 URL: http://netstorage.fgv.br/angra2019/Angra2019_NF01_Monitor_de_Educacao_Especial_(Continente)_(NF01)_Tipo_1.pdf
--------------------------------------------------------------------------------
[2026-06-23 12:33:46] [IGNORADO] Concurso ID: 73 | Nome: 'Ministério Público do Estado do Rio de Janeiro - Nível Superior - Analista do Ministério Público - Administrativa - Tipo 1'
👉 Motivo: A URL já está cadastrada no banco de dados.
🔗 URL: https://conhecimento.fgv.br/sites/default/files/concursos/mprj-analista-do-ministerio-publico-area-administrativa-amp-aa-tipo-1.pdf
--------------------------------------------------------------------------------
[2026-06-23 12:33:50] [IGNORADO] Concurso ID: 74 | Nome: 'Tribunal de Justiça do Estado do Ceará - Nível Médio - Técnico Judiciário - Área Judiciária - Tipo 1'
👉 Motivo: A URL já está cadastrada no banco de dados.
🔗 URL: http://netstorage.fgv.br/tjce2019/TJ-CE_Tecnico_Judiciario_-_Area_Judiciaria_(TJ-AJ)_Tipo_1.pdf
--------------------------------------------------------------------------------
[2026-06-23 12:33:54] [IGNORADO] Concurso ID: 76 | Nome: 'Defensoria Pública do Estado do Rio de Janeiro - Nível Superior - Técnico Superior Jurídico - Tipo 1'
👉 Motivo: A URL já está cadastrada no banco de dados.
🔗 URL: http://netstorage.fgv.br/dpgerj2018/DPGE_RJ_TECNICO_SUPERIOR_JURIDICO_(TSJ-SUP)_Tipo_1_6TAR95VSM8GH6DSP.pdf
--------------------------------------------------------------------------------
[2026-06-23 12:33:57] [IGNORADO] Concurso ID: 77 | Nome: 'Secretaria Municipal de Assistência Social e Direitos Humanos - SASDH - Nível Superior - Assistente Social - Tipo 1'
👉 Motivo: A URL já está cadastrada no banco de dados.
🔗 URL: http://netstorage.fgv.br/sasdh/SASDH_Assistente_Social_(AS-ASOC)_Tipo_1.pdf
--------------------------------------------------------------------------------
[2026-06-23 12:34:02] [IGNORADO] Concurso ID: 79 | Nome: 'Prefeitura Municipal de Boa Vista - SMAG - Nível Superior - Professor Licenciado - Pedagogia - Tipo 1'
👉 Motivo: A URL já está cadastrada no banco de dados.
🔗 URL: http://netstorage.fgv.br/smag/PM_BOA_VISTA_Professor_Licenciado_em_Pedagogia_(PLP-1)_Tipo_1.pdf
--------------------------------------------------------------------------------
[2026-06-23 12:34:06] [IGNORADO] Concurso ID: 81 | Nome: 'Tribunal de Justiça do Estado de Santa Catarina 2018 - Nível Superior - Analista Administrativo - Tipo 1'
👉 Motivo: A URL já está cadastrada no banco de dados.
🔗 URL: http://netstorage.fgv.br/tjsc2018/TJ_SC_2018_Analista_Administrativo_(ADAM)_Tipo_1.pdf
--------------------------------------------------------------------------------
[2026-06-23 12:34:10] [IGNORADO] Concurso ID: 82 | Nome: 'Companhia Pernambucana de Saneamento - COMPESA 2018 - Nível Superior'
👉 Motivo: A URL já está cadastrada no banco de dados.
🔗 URL: http://netstorage.fgv.br/compesa2018/COMPESA2018_Analista_de_Saneamento_-_Engenheiro_Cartografo_(NS-CARTO)_Tipo_1.pdf
--------------------------------------------------------------------------------
[2026-06-23 12:34:15] [IGNORADO] Concurso ID: 84 | Nome: 'Ministério Público do Estado de Alagoas - Nível Médio - Técnico do Ministério Público - Geral - Tipo 1'
👉 Motivo: A URL já está cadastrada no banco de dados.
🔗 URL: http://netstorage.fgv.br/mpal/MPAL2018_Tecnico_do_Ministerio_Publico_-_Geral_(NM01)_Tipo_1.pdf
--------------------------------------------------------------------------------
[2026-06-23 12:34:19] [IGNORADO] Concurso ID: 85 | Nome: 'CGM Niterói - SEPLAG - Secretaria de Planejamento, Modernização da Gestão e Controle - Provas do Curso de Formação - Semana 1'
👉 Motivo: A URL já está cadastrada no banco de dados.
🔗 URL: http://netstorage.fgv.br/seplag/103_SEPLAG_-_Curso_de_Formacao_-_Semana_01_-_Tipo_1.pdf
--------------------------------------------------------------------------------
[2026-06-23 12:34:20] [IGNORADO] Concurso ID: 85 | Nome: 'CGM Niterói - SEPLAG - Secretaria de Planejamento, Modernização da Gestão e Controle - Analista de Políticas Públicas e Gestão Governamental - Gestão Governamental - Tipo 1'
👉 Motivo: A URL já está cadastrada no banco de dados.
🔗 URL: https://conhecimento.fgv.br/sites/default/files/concursos/103-analista-de-politicas-publicas-e-gestao-governamental-gestao-governamental-ana01-tipo-1.pdf
--------------------------------------------------------------------------------
[2026-06-23 12:34:22] [IGNORADO] Concurso ID: 86 | Nome: 'Tribunal de Justiça do Estado de Alagoas - Nível Superior - Analista Judiciário - Oficial de Justiça Avaliador - Tipo 1'
👉 Motivo: A URL já está cadastrada no banco de dados.
🔗 URL: http://netstorage.fgv.br/tjal/TJ_AL_2018_-_REAPLICACAO_Analista_Judiciario_-_Oficial_de_Justica_Avaliador_(AJ-AVAL)_Tipo_1.pdf
--------------------------------------------------------------------------------
[2026-06-23 12:34:22] [IGNORADO] Concurso ID: 86 | Nome: 'Tribunal de Justiça do Estado de Alagoas - Nível Médio - Técnico Judiciário - Área Judiciária - Tipo 1'
👉 Motivo: A URL já está cadastrada no banco de dados.
🔗 URL: http://netstorage.fgv.br/tjal/TJ_AL_2018_Tecnico_Judiciario_-_Area_Judiciaria_(TJ-AJUDIC)_Tipo_1.pdf
--------------------------------------------------------------------------------
[2026-06-23 12:34:25] [IGNORADO] Concurso ID: 87 | Nome: 'Câmara Municipal de Salvador - Nível Médio - Assistente - Assistente Legislativo Municipal - Tipo 1'
👉 Motivo: A URL já está cadastrada no banco de dados.
🔗 URL: http://netstorage.fgv.br/cms2017/CMS_BA_2017_Assistente_Legislativo_Municipal_(ALM-NM)_Tipo_1.pdf
--------------------------------------------------------------------------------
[2026-06-23 12:34:30] [IGNORADO] Concurso ID: 88 | Nome: 'Secretaria de Estado de Finanças - SEFIN/RO - Nível Superior - Auditor Fiscal de Tributos Estaduais - Tipo 1'
👉 Motivo: A URL já está cadastrada no banco de dados.
🔗 URL: http://netstorage.fgv.br/sefinro/102_Auditor_Fiscal_de_Tributos_Estaduais_(NS01)_Tipo_1.pdf
--------------------------------------------------------------------------------
[2026-06-23 12:34:32] [IGNORADO] Concurso ID: 89 | Nome: 'Ministério Público do Estado da Bahia - Nível Médio - Assistente Técnico - Administrativo - Tipo 1'
👉 Motivo: A URL já está cadastrada no banco de dados.
🔗 URL: http://netstorage.fgv.br/mpba2017/MPBA_Assistente_Tecnico-Administrativo_(AT-ADM)_Tipo_1.pdf
--------------------------------------------------------------------------------
[2026-06-23 12:34:35] [IGNORADO] Concurso ID: 90 | Nome: 'Secretaria de Estado do Planejamento, Orçamento e Gestão - SEPOG/RO - Nível Médio'
👉 Motivo: A URL já está cadastrada no banco de dados.
🔗 URL: http://netstorage.fgv.br/sepogro/E01_Tecnico_em_Politicas_Publicas_e_Gestao_Governamental_(TPPS)_Tipo_1.pdf
--------------------------------------------------------------------------------
[2026-06-23 12:34:36] [IGNORADO] Concurso ID: 90 | Nome: 'Secretaria de Estado do Planejamento, Orçamento e Gestão - SEPOG/RO - Nível Médio - Técnico em Políticas Públicas e Gestão Governamental - Tipo 1'
👉 Motivo: A URL já está cadastrada no banco de dados.
🔗 URL: http://netstorage.fgv.br/sepogro/201702_Tecnico_em_Politicas_Publicas_e_Gestao_Governamental_(NM001)_Tipo_1.pdf
--------------------------------------------------------------------------------
[2026-06-23 12:34:39] [IGNORADO] Concurso ID: 91 | Nome: 'Tribunal Regional do Trabalho da 12ª Região - Nível Médio - Técnico Judiciário - Área Administrativa - Tipo 1'
👉 Motivo: A URL já está cadastrada no banco de dados.
🔗 URL: http://netstorage.fgv.br/trt_12r/TRT_SC_Tecnico_Judiciario_-_Area_Administrativa_(TJ-TECJUD)_Tipo_1.pdf
--------------------------------------------------------------------------------
[2026-06-23 12:34:44] [IGNORADO] Concurso ID: 93 | Nome: 'Companhia Pernambucana de Saneamento - COMPESA 2016 - Nível Superior - Analista de Gestão'
👉 Motivo: A URL já está cadastrada no banco de dados.
🔗 URL: https://conhecimento.fgv.br/sites/default/files/concursos/compesa2016/201605_Analista_de_Gestao_(Administrador_de_Banco_de_Dados)_(NS007)_Tipo_1.pdf
--------------------------------------------------------------------------------
[2026-06-23 12:34:48] [IGNORADO] Concurso ID: 94 | Nome: 'Prefeitura Municipal de Paulínia 2016 - Nível Superior'
👉 Motivo: A URL já está cadastrada no banco de dados.
🔗 URL: https://conhecimento.fgv.br/sites/default/files/concursos/prefeitura_paulinia2016/201602_Professor_III_(Artes)_(NS01001)_Tipo_1.pdf
--------------------------------------------------------------------------------
[2026-06-23 12:34:55] [IGNORADO] Concurso ID: 95 | Nome: 'Secretaria Municipal de Educação do Município de São Paulo - Professor de Ensino Fundamental II e Médio - Arte - Tipo 1'
👉 Motivo: A URL já está cadastrada no banco de dados.
🔗 URL: https://conhecimento.fgv.br/sites/default/files/concursos/smesp/201602_Professor_de_Ensino_Fundamental_II_e_Medio_(Arte)_(NS001)_Tipo_1.pdf
--------------------------------------------------------------------------------
[2026-06-23 12:35:01] [IGNORADO] Concurso ID: 96 | Nome: 'Secretaria Municipal de Fazenda de Cuiabá - NÍVEL SUPERIOR - PROVA I - MANHÃ - Tipo 1'
👉 Motivo: A URL já está cadastrada no banco de dados.
🔗 URL: https://conhecimento.fgv.br/sites/default/files/concursos/prefeituracuiaba_fazenda/201506__Auditor_Fiscal_Tributario_da_Receita_Municipal_(Manha)_(NS001)_Tipo_1.pdf
--------------------------------------------------------------------------------
[2026-06-23 12:35:06] [IGNORADO] Concurso ID: 99 | Nome: 'Ministério das Relações Exteriores - Oficial de Chancelaria - Avaliação Final do Curso de Preparação - Tipo A'
👉 Motivo: A URL já está cadastrada no banco de dados.
🔗 URL: https://conhecimento.fgv.br/sites/default/files/concursos/mre/ProvamodeloA.pdf
--------------------------------------------------------------------------------
[2026-06-23 12:35:07] [IGNORADO] Concurso ID: 99 | Nome: 'Ministério das Relações Exteriores - Oficial de Chancelaria - Prova Escrita Objetiva - Tipo 1'
👉 Motivo: A URL já está cadastrada no banco de dados.
🔗 URL: https://conhecimento.fgv.br/sites/default/files/concursos/mre/MRE_Oficial_de_Chancelaria_(OFICIAL-CH)_Tipo_1.pdf
--------------------------------------------------------------------------------
[2026-06-23 12:35:11] [IGNORADO] Concurso ID: 101 | Nome: 'Secretaria Municipal de Fazenda de Niterói - Nível Superior - Fiscal de Tributos - Tipo 1'
👉 Motivo: A URL já está cadastrada no banco de dados.
🔗 URL: https://conhecimento.fgv.br/sites/default/files/concursos/smf_niteroi/SMFN_2015_Fiscal_de_Tributos_(FISCTRIB)_Tipo_1.pdf
--------------------------------------------------------------------------------
[2026-06-23 12:35:12] [IGNORADO] Concurso ID: 101 | Nome: 'Secretaria Municipal de Fazenda de Niterói - Nível Superior - Contador'
👉 Motivo: A URL já está cadastrada no banco de dados.
🔗 URL: https://conhecimento.fgv.br/sites/default/files/concursos/smf_niteroi/SMFN_2015_Contador_(CONTA)_Tipo_1.pdf
--------------------------------------------------------------------------------
[2026-06-23 12:35:16] [IGNORADO] Concurso ID: 103 | Nome: 'Tribunal de Justiça do Estado do Piauí - Analista Judiciário - Área Judiciária - Escrivão Judicial - Tipo 1'
👉 Motivo: A URL já está cadastrada no banco de dados.
🔗 URL: https://conhecimento.fgv.br/sites/default/files/concursos/tjpi/TJ_PI_Analista_Judiciario_-_Area_Judiciaria_-_Escrivao_Judicial_(JUD-ESC)_Tipo_1.pdf
--------------------------------------------------------------------------------
[2026-06-23 12:35:21] [IGNORADO] Concurso ID: 104 | Nome: 'Procuradoria Geral do Estado de Rondônia - Analista da Procuradoria - Administrador - Tipo 1'
👉 Motivo: A URL já está cadastrada no banco de dados.
🔗 URL: https://conhecimento.fgv.br/sites/default/files/concursos/pgero/PGE_Analista_da_Procuradoria_-_Especialidade_-_Administrador_(AP-ADM)_Tipo_1.pdf
--------------------------------------------------------------------------------
[2026-06-23 12:35:25] [IGNORADO] Concurso ID: 105 | Nome: 'Prefeitura Municipal de Paulínia - Ficha de Informações Pessoais - FIP'
👉 Motivo: A URL já está cadastrada no banco de dados.
🔗 URL: https://conhecimento.fgv.br/sites/default/files/concursos/prefeitura_paulinia/FIP_-Prefeitura_de_Paulinia.pdf
--------------------------------------------------------------------------------
[2026-06-23 12:35:25] [IGNORADO] Concurso ID: 105 | Nome: 'Prefeitura Municipal de Paulínia - Ficha de Informações Pessoais - FIP'
👉 Motivo: A URL já está cadastrada no banco de dados.
🔗 URL: https://conhecimento.fgv.br/sites/default/files/concursos/prefeitura_paulinia/FIP_-Prefeitura_de_Paulinia.pdf
--------------------------------------------------------------------------------
[2026-06-23 12:35:25] [IGNORADO] Concurso ID: 105 | Nome: 'Prefeitura Municipal de Paulínia - Nível Médio Completo - Guarda Municipal (Masculino/Feminino) - Tipo 1'
👉 Motivo: A URL já está cadastrada no banco de dados.
🔗 URL: https://conhecimento.fgv.br/sites/default/files/concursos/prefeitura_paulinia/PAULINIA_Guarda_Municipal_(GMUN)_Tipo_1.pdf
--------------------------------------------------------------------------------
[2026-06-23 12:35:27] [IGNORADO] Concurso ID: 106 | Nome: 'Companhia de Desenvolvimento Econômico de Minas Gerais - Analista de Apoio - Arquivista'
👉 Motivo: A URL já está cadastrada no banco de dados.
🔗 URL: https://conhecimento.fgv.br/sites/default/files/concursos/codemig/CODEMIG_Analista_de_Apoio_-_Arquivista_(AAARQ)_Tipo_1.pdf
--------------------------------------------------------------------------------
[2026-06-23 12:35:31] [IGNORADO] Concurso ID: 107 | Nome: 'Tribunal de Justiça do Estado de Rondônia - Nível Superior - Analista Judiciário – Administrador - Tipo 1'
👉 Motivo: A URL já está cadastrada no banco de dados.
🔗 URL: https://conhecimento.fgv.br/sites/default/files/concursos/tjro/TJ_RO_Analista_Judiciario_-_Especialidade_-_Administrador_(AJ-ADM)_Tipo_1.pdf
--------------------------------------------------------------------------------
[2026-06-23 12:35:36] [IGNORADO] Concurso ID: 108 | Nome: 'Prefeitura da Cidade do Recife - Educação - Nível Médio - Agente de Apoio ao Desenvolvimento Escolar Especial - AADEE - Tipo 1'
👉 Motivo: A URL já está cadastrada no banco de dados.
🔗 URL: https://conhecimento.fgv.br/sites/default/files/concursos/prefeitura_recife_aadee/201504_Agente_de_Apoio_ao_Desenvolvimento_Escolar_Especial_-_AADEE_(NM001)_Tipo_1.pdf
--------------------------------------------------------------------------------
[2026-06-23 12:35:39] [IGNORADO] Concurso ID: 109 | Nome: 'Tribunal de Contas do Município de São Paulo - Prova Objetiva - Agente de Fiscalização - Administração - Tipo 1'
👉 Motivo: A URL já está cadastrada no banco de dados.
🔗 URL: https://conhecimento.fgv.br/sites/default/files/concursos/tcmsp/TCM_SP_Agente_de_Fiscalizacao_-_Especialidade_-_Administracao_(NS-ADM)_Tipo_1.pdf
--------------------------------------------------------------------------------
[2026-06-23 12:35:43] [IGNORADO] Concurso ID: 110 | Nome: 'Tribunal de Contas do Estado do Rio de Janeiro - Nível Superior - Auditor Substituto - Tipo 1'
👉 Motivo: A URL já está cadastrada no banco de dados.
🔗 URL: https://conhecimento.fgv.br/sites/default/files/concursos/tcerj/TCE_RJ_Auditor_Substituto_(AUDSUBST)_Tipo_1.pdf
--------------------------------------------------------------------------------
[2026-06-23 12:35:45] [IGNORADO] Concurso ID: 111 | Nome: 'Tribunal de Contas do Estado de Sergipe - NÍVEL SUPERIOR - Médico'
👉 Motivo: A URL já está cadastrada no banco de dados.
🔗 URL: https://conhecimento.fgv.br/sites/default/files/concursos/tcese/TCE_SE_Medico_(MED)_Tipo_1.pdf
--------------------------------------------------------------------------------
[2026-06-23 12:35:47] [IGNORADO] Concurso ID: 112 | Nome: 'Câmara Municipal de Caruaru - ANALISTA LEGISLATIVO'
👉 Motivo: A URL já está cadastrada no banco de dados.
🔗 URL: https://conhecimento.fgv.br/sites/default/files/concursos/caruaru/CP201502_Analista_Legislativo_(Administracao)_(NS001)_Tipo_1.pdf
--------------------------------------------------------------------------------
[2026-06-23 12:35:50] [IGNORADO] Concurso ID: 113 | Nome: 'Defensoria Pública do Estado de Rondônia - ANALISTA DA DEFENSORIA PÚBLICA - Analista Contábil - Tipo 1'
👉 Motivo: A URL já está cadastrada no banco de dados.
🔗 URL: https://conhecimento.fgv.br/sites/default/files/concursos/dpero/DEF_RO_Analista_da_Defensoria_Publica_-_Especialidade_-_Analista_Contabil_(Analista_Contabil)_Tipo_1.pdf
--------------------------------------------------------------------------------
[2026-06-23 12:35:55] [IGNORADO] Concurso ID: 114 | Nome: 'Secretaria de Estado de Segurança Pública do Amazonas - NÍVEL SUPERIOR - Técnico de Nível Superior - Tipo 1'
👉 Motivo: A URL já está cadastrada no banco de dados.
🔗 URL: https://conhecimento.fgv.br/sites/default/files/concursos/sspam/SSP_AM_Tecnico_de_Nivel_Superior_(Tecnico_de_Nivel_Superior)_Tipo_1.pdf
--------------------------------------------------------------------------------
[2026-06-23 12:35:58] [IGNORADO] Concurso ID: 115 | Nome: 'Tribunal de Justiça do Estado de Santa Catarina - NÍVEL SUPERIOR - Analista Administrativo - Tipo 1'
👉 Motivo: A URL já está cadastrada no banco de dados.
🔗 URL: https://conhecimento.fgv.br/sites/default/files/concursos/tjsc/TJSC_Analista_Administrativo_(Analista_Administrativo)_Tipo_1.pdf
--------------------------------------------------------------------------------
[2026-06-23 12:36:01] [IGNORADO] Concurso ID: 116 | Nome: 'Defensoria Pública do Estado de Mato Grosso - NÍVEL SUPERIOR - ANALISTA - Administrador - Tipo 1'
👉 Motivo: A URL já está cadastrada no banco de dados.
🔗 URL: https://conhecimento.fgv.br/sites/default/files/concursos/dpmt/DEF-MT_2015_Analista_(Administrador)_(NS001)_Tipo_1.pdf
--------------------------------------------------------------------------------
[2026-06-23 12:36:05] [IGNORADO] Concurso ID: 117 | Nome: 'Tribunal de Justiça do Estado da Bahia - ANALISTA JUDICIÁRIO - Área de Apoio Especializado - Administração - Tipo 1'
👉 Motivo: A URL já está cadastrada no banco de dados.
🔗 URL: https://conhecimento.fgv.br/sites/default/files/concursos/tjba/TJBA_REAP_Analista_Judiciario_-_Area_de_Apoio_Especializado_-_Especialidade_-_Administracao_(Analista_Judiciario__-_Administracao)_Tipo_1.pdf
--------------------------------------------------------------------------------
[2026-06-23 12:36:06] [IGNORADO] Concurso ID: 117 | Nome: 'Tribunal de Justiça do Estado da Bahia - ANALISTA JUDICIÁRIO - Subescrivão - Área Judiciária - Direito - Tipo 1'
👉 Motivo: A URL já está cadastrada no banco de dados.
🔗 URL: https://conhecimento.fgv.br/sites/default/files/concursos/tjba/TJBAHIA_Analista_Judiciario_-_Subescrivao_-_Area_Judiciaria_-_Especialidade_-_Direito_(ANJU-AJU)_Tipo_1.pdf
--------------------------------------------------------------------------------
[2026-06-23 12:36:14] [IGNORADO] Concurso ID: 118 | Nome: 'Procuradoria Geral do Município de Niterói - Nível Superior - Procurador do Município de 3ª Categoria - Tipo 1'
👉 Motivo: A URL já está cadastrada no banco de dados.
🔗 URL: https://conhecimento.fgv.br/sites/default/files/concursos/pgm_niteroi/PGM_-_Niteroi_-_Nivel_Superior_-_Procurador_-_Tipo01.pdf
--------------------------------------------------------------------------------
